*** Using Compiler 'V6.23', folder: 'F:\Keil_v5\ARM\ARMCLANG\Bin'
Build target 'Target_1'
compiling gd32f4xx_gpio.c...
compiling gd32f4xx_it.c...
compiling croutine.c...
compiling port.c...
compiling list.c...
compiling event_groups.c...
compiling gd32f4xx_rcu.c...
compiling timers.c...
compiling system_gd32f4xx.c...
compiling stream_buffer.c...
assembling startup_gd32f407_427.s...
compiling systick.c...
../User/main.c(11): warning: unused parameter 'xTask' [-Wunused-parameter]
   11 | void vApplicationStackOverflowHook( TaskHandle_t xTask,
      |                                                  ^
../User/main.c(12): warning: unused parameter 'pcTaskName' [-Wunused-parameter]
   12 |                                         char * pcTaskName )
      |                                                ^
2 warnings generated.
compiling main.c...
compiling queue.c...
compiling gd32f4xx_timer.c...
compiling tasks.c...
compiling heap_4.c...
compiling bsp_led.c...
compiling App.h...
compiling app_key.c...
compiling buzzer.c...
../Task/self_task.c(10): warning: unused parameter 'pvParameters' [-Wunused-parameter]
   10 | void start_task(void *pvParameters)
      |                       ^
../Task/self_task.c(39): warning: unused parameter 'pvParameters' [-Wunused-parameter]
   39 | void task1(void *pvParameters)
      |                  ^
../Task/self_task.c(61): warning: unused parameter 'pvParameters' [-Wunused-parameter]
   61 | void task2(void *pvParameters)
      |                  ^
../Task/self_task.c(85): warning: unused parameter 'pvParameters' [-Wunused-parameter]
   85 | void buzzer_task(void *pvParameters)
      |                        ^
../Task/self_task.c(117): warning: unused parameter 'pvParameters' [-Wunused-parameter]
  117 | void task_key_scan(void *pvParameters)
      |                          ^
5 warnings generated.
compiling self_task.c...
linking...
Program Size: Code=16166 RO-data=498 RW-data=40 ZI-data=79392  
".\Objects\project.axf" - 0 Error(s), 7 Warning(s).
Build Time Elapsed:  00:00:02
