Component: Arm Compiler for Embedded 6.23 Tool: armlink [5f102400]

==============================================================================

Section Cross References

    gd32f4xx_it.o(.ARM.exidx.text.NMI_Handler) refers to gd32f4xx_it.o(.text.NMI_Handler) for [Anonymous Symbol]
    gd32f4xx_it.o(.ARM.exidx.text.HardFault_Handler) refers to gd32f4xx_it.o(.text.HardFault_Handler) for [Anonymous Symbol]
    gd32f4xx_it.o(.ARM.exidx.text.MemManage_Handler) refers to gd32f4xx_it.o(.text.MemManage_Handler) for [Anonymous Symbol]
    gd32f4xx_it.o(.ARM.exidx.text.BusFault_Handler) refers to gd32f4xx_it.o(.text.BusFault_Handler) for [Anonymous Symbol]
    gd32f4xx_it.o(.ARM.exidx.text.UsageFault_Handler) refers to gd32f4xx_it.o(.text.UsageFault_Handler) for [Anonymous Symbol]
    gd32f4xx_it.o(.ARM.exidx.text.DebugMon_Handler) refers to gd32f4xx_it.o(.text.DebugMon_Handler) for [Anonymous Symbol]
    main.o(.ARM.exidx.text.vApplicationStackOverflowHook) refers to main.o(.text.vApplicationStackOverflowHook) for [Anonymous Symbol]
    main.o(.ARM.exidx.text.vApplicationIdleHook) refers to main.o(.text.vApplicationIdleHook) for [Anonymous Symbol]
    main.o(.ARM.exidx.text.vApplicationTickHook) refers to main.o(.text.vApplicationTickHook) for [Anonymous Symbol]
    main.o(.ARM.exidx.text.vApplicationMallocFailedHook) refers to main.o(.text.vApplicationMallocFailedHook) for [Anonymous Symbol]
    main.o(.text.task1) refers to bsp_led.o(.text.led_turn_on) for led_turn_on
    main.o(.text.task1) refers to tasks.o(.text.vTaskDelay) for vTaskDelay
    main.o(.text.task1) refers to bsp_led.o(.text.led_turn_off) for led_turn_off
    main.o(.ARM.exidx.text.task1) refers to main.o(.text.task1) for [Anonymous Symbol]
    main.o(.text.task2) refers to bsp_led.o(.text.led_turn_on) for led_turn_on
    main.o(.text.task2) refers to tasks.o(.text.vTaskDelay) for vTaskDelay
    main.o(.text.task2) refers to bsp_led.o(.text.led_turn_off) for led_turn_off
    main.o(.ARM.exidx.text.task2) refers to main.o(.text.task2) for [Anonymous Symbol]
    main.o(.text.start_task) refers to bsp_led.o(.text.GPIO_config) for GPIO_config
    main.o(.text.start_task) refers to port.o(.text.vPortEnterCritical) for vPortEnterCritical
    main.o(.text.start_task) refers to main.o(.bss.Task1_Handler) for Task1_Handler
    main.o(.text.start_task) refers to main.o(.text.task1) for task1
    main.o(.text.start_task) refers to main.o(.rodata.str1.1) for .L.str
    main.o(.text.start_task) refers to tasks.o(.text.xTaskCreate) for xTaskCreate
    main.o(.text.start_task) refers to main.o(.bss.Task2_Handler) for Task2_Handler
    main.o(.text.start_task) refers to main.o(.text.task2) for task2
    main.o(.text.start_task) refers to main.o(.bss.StartTask_Handler) for StartTask_Handler
    main.o(.text.start_task) refers to tasks.o(.text.vTaskDelete) for vTaskDelete
    main.o(.text.start_task) refers to port.o(.text.vPortExitCritical) for vPortExitCritical
    main.o(.ARM.exidx.text.start_task) refers to main.o(.text.start_task) for [Anonymous Symbol]
    main.o(.text.main) refers to main.o(.bss.StartTask_Handler) for StartTask_Handler
    main.o(.text.main) refers to main.o(.text.start_task) for start_task
    main.o(.text.main) refers to main.o(.rodata.str1.1) for .L.str.2
    main.o(.text.main) refers to tasks.o(.text.xTaskCreate) for xTaskCreate
    main.o(.text.main) refers to tasks.o(.text.vTaskStartScheduler) for vTaskStartScheduler
    main.o(.text.main) refers to gd32f4xx_gpio.o(.text.gpio_bit_set) for gpio_bit_set
    main.o(.text.main) refers to systick.o(.text.delay_1ms) for delay_1ms
    main.o(.text.main) refers to gd32f4xx_gpio.o(.text.gpio_bit_reset) for gpio_bit_reset
    main.o(.ARM.exidx.text.main) refers to main.o(.text.main) for [Anonymous Symbol]
    systick.o(.text.systick_config) refers to system_gd32f4xx.o(.data.SystemCoreClock) for SystemCoreClock
    systick.o(.text.systick_config) refers to systick.o(.text.SysTick_Config) for SysTick_Config
    systick.o(.text.systick_config) refers to systick.o(.text.NVIC_SetPriority) for NVIC_SetPriority
    systick.o(.ARM.exidx.text.systick_config) refers to systick.o(.text.systick_config) for [Anonymous Symbol]
    systick.o(.text.SysTick_Config) refers to systick.o(.text.NVIC_SetPriority) for NVIC_SetPriority
    systick.o(.ARM.exidx.text.SysTick_Config) refers to systick.o(.text.SysTick_Config) for [Anonymous Symbol]
    systick.o(.ARM.exidx.text.NVIC_SetPriority) refers to systick.o(.text.NVIC_SetPriority) for [Anonymous Symbol]
    systick.o(.text.delay_1ms) refers to systick.o(.bss.delay) for delay
    systick.o(.ARM.exidx.text.delay_1ms) refers to systick.o(.text.delay_1ms) for [Anonymous Symbol]
    systick.o(.text.delay_decrement) refers to systick.o(.bss.delay) for delay
    systick.o(.ARM.exidx.text.delay_decrement) refers to systick.o(.text.delay_decrement) for [Anonymous Symbol]
[...]
    ../clib/armsys.c                         0x00000000   Number         0  argv_veneer.o ABSOLUTE
    ../clib/armsys.c                         0x00000000   Number         0  argv_veneer.o ABSOLUTE
    ../clib/armsys.c                         0x00000000   Number         0  _get_argv_nomalloc.o ABSOLUTE
    ../clib/armsys.c                         0x00000000   Number         0  no_argv.o ABSOLUTE
    ../clib/heapalloc.c                      0x00000000   Number         0  hrguard.o ABSOLUTE
    ../clib/heapaux.c                        0x00000000   Number         0  heapauxi.o ABSOLUTE
    ../clib/libinit.s                        0x00000000   Number         0  libinit.o ABSOLUTE
    ../clib/libinit.s                        0x00000000   Number         0  libinit2.o ABSOLUTE
    ../clib/libinit.s                        0x00000000   Number         0  libshutdown.o ABSOLUTE
    ../clib/libinit.s                        0x00000000   Number         0  libshutdown2.o ABSOLUTE
    ../clib/memcpset.s                       0x00000000   Number         0  rt_memcpy_v6.o ABSOLUTE
    ../clib/memcpset.s                       0x00000000   Number         0  aeabi_memset.o ABSOLUTE
    ../clib/memcpset.s                       0x00000000   Number         0  aeabi_memset4.o ABSOLUTE
    ../clib/memcpset.s                       0x00000000   Number         0  rt_memclr.o ABSOLUTE
    ../clib/memcpset.s                       0x00000000   Number         0  rt_memclr_w.o ABSOLUTE
    ../clib/memcpset.s                       0x00000000   Number         0  rt_memcpy_w.o ABSOLUTE
    ../clib/signal.c                         0x00000000   Number         0  defsig_rtmem_outer.o ABSOLUTE
    ../clib/signal.c                         0x00000000   Number         0  defsig_rtmem_formal.o ABSOLUTE
    ../clib/signal.c                         0x00000000   Number         0  defsig_exit.o ABSOLUTE
    ../clib/signal.c                         0x00000000   Number         0  defsig_rtmem_inner.o ABSOLUTE
    ../clib/signal.c                         0x00000000   Number         0  __raise.o ABSOLUTE
    ../clib/signal.c                         0x00000000   Number         0  defsig_general.o ABSOLUTE
    ../clib/signal.c                         0x00000000   Number         0  defsig_abrt_inner.o ABSOLUTE
    ../clib/signal.c                         0x00000000   Number         0  defsig_fpe_inner.o ABSOLUTE
    ../clib/signal.c                         0x00000000   Number         0  defsig_rtred_inner.o ABSOLUTE
    ../clib/signal.c                         0x00000000   Number         0  defsig_stak_inner.o ABSOLUTE
    ../clib/signal.c                         0x00000000   Number         0  defsig_pvfn_inner.o ABSOLUTE
    ../clib/signal.c                         0x00000000   Number         0  defsig_cppl_inner.o ABSOLUTE
    ../clib/signal.c                         0x00000000   Number         0  defsig_segv_inner.o ABSOLUTE
    ../clib/signal.c                         0x00000000   Number         0  defsig_other.o ABSOLUTE
    ../clib/signal.s                         0x00000000   Number         0  defsig.o ABSOLUTE
    ../clib/stdlib.c                         0x00000000   Number         0  exit.o ABSOLUTE
    ../fplib/fpinit.s                        0x00000000   Number         0  fpinit.o ABSOLUTE
    bsp_led.c                                0x00000000   Number         0  bsp_led.o ABSOLUTE
    croutine.c                               0x00000000   Number         0  croutine.o ABSOLUTE
    dc.s                                     0x00000000   Number         0  dc.o ABSOLUTE
    event_groups.c                           0x00000000   Number         0  event_groups.o ABSOLUTE
    gd32f4xx_gpio.c                          0x00000000   Number         0  gd32f4xx_gpio.o ABSOLUTE
    gd32f4xx_it.c                            0x00000000   Number         0  gd32f4xx_it.o ABSOLUTE
    gd32f4xx_rcu.c                           0x00000000   Number         0  gd32f4xx_rcu.o ABSOLUTE
    heap_4.c                                 0x00000000   Number         0  heap_4.o ABSOLUTE
    list.c                                   0x00000000   Number         0  list.o ABSOLUTE
    main.c                                   0x00000000   Number         0  main.o ABSOLUTE
    port.c                                   0x00000000   Number         0  port.o ABSOLUTE
    queue.c                                  0x00000000   Number         0  queue.o ABSOLUTE
    stream_buffer.c                          0x00000000   Number         0  stream_buffer.o ABSOLUTE
    system_gd32f4xx.c                        0x00000000   Number         0  system_gd32f4xx.o ABSOLUTE
    systick.c                                0x00000000   Number         0  systick.o ABSOLUTE
    tasks.c                                  0x00000000   Number         0  tasks.o ABSOLUTE
    timers.c                                 0x00000000   Number         0  timers.o ABSOLUTE
    RESET                                    0x08000000   Section      392  startup_gd32f407_427.o(RESET)
    !!!main                                  0x08000188   Section        8  __main.o(!!!main)
    !!!scatter                               0x08000190   Section       92  __scatter.o(!!!scatter)
    !!handler_copy                           0x080001ec   Section       26  __scatter_copy.o(!!handler_copy)
    !!handler_null                           0x08000208   Section        2  __scatter.o(!!handler_null)
    !!handler_zi                             0x0800020c   Section       28  __scatter_zi.o(!!handler_zi)
    .ARM.Collect$$libinit$$00000000          0x08000228   Section        2  libinit.o(.ARM.Collect$$libinit$$00000000)
    .ARM.Collect$$libinit$$00000001          0x0800022a   Section        4  libinit2.o(.ARM.Collect$$libinit$$00000001)
    .ARM.Collect$$libinit$$00000004          0x0800022e   Section        0  libinit2.o(.ARM.Collect$$libinit$$00000004)
    .ARM.Collect$$libinit$$00000006          0x0800022e   Section        0  libinit2.o(.ARM.Collect$$libinit$$00000006)
    .ARM.Collect$$libinit$$0000000C          0x0800022e   Section        0  libinit2.o(.ARM.Collect$$libinit$$0000000C)
    .ARM.Collect$$libinit$$0000000E          0x0800022e   Section        0  libinit2.o(.ARM.Collect$$libinit$$0000000E)
    .ARM.Collect$$libinit$$00000010          0x0800022e   Section        0  libinit2.o(.ARM.Collect$$libinit$$00000010)
    .ARM.Collect$$libinit$$00000013          0x0800022e   Section        0  libinit2.o(.ARM.Collect$$libinit$$00000013)
    .ARM.Collect$$libinit$$00000015          0x0800022e   Section        0  libinit2.o(.ARM.Collect$$libinit$$00000015)
    .ARM.Collect$$libinit$$00000017          0x0800022e   Section        0  libinit2.o(.ARM.Collect$$libinit$$00000017)
    .ARM.Collect$$libinit$$00000019          0x0800022e   Section        0  libinit2.o(.ARM.Collect$$libinit$$00000019)
    .ARM.Collect$$libinit$$0000001B          0x0800022e   Section        0  libinit2.o(.ARM.Collect$$libinit$$0000001B)
    .ARM.Collect$$libinit$$0000001D          0x0800022e   Section        0  libinit2.o(.ARM.Collect$$libinit$$0000001D)
    .ARM.Collect$$libinit$$0000001F          0x0800022e   Section        0  libinit2.o(.ARM.Collect$$libinit$$0000001F)
    .ARM.Collect$$libinit$$00000021          0x0800022e   Section        0  libinit2.o(.ARM.Collect$$libinit$$00000021)
    .ARM.Collect$$libinit$$00000023          0x0800022e   Section        0  libinit2.o(.ARM.Collect$$libinit$$00000023)
    .ARM.Collect$$libinit$$00000025          0x0800022e   Section        0  libinit2.o(.ARM.Collect$$libinit$$00000025)
    .ARM.Collect$$libinit$$00000027          0x0800022e   Section        0  libinit2.o(.ARM.Collect$$libinit$$00000027)
    .ARM.Collect$$libinit$$0000002E          0x0800022e   Section        0  libinit2.o(.ARM.Collect$$libinit$$0000002E)
    .ARM.Collect$$libinit$$00000030          0x0800022e   Section        0  libinit2.o(.ARM.Collect$$libinit$$00000030)
    .ARM.Collect$$libinit$$00000032          0x0800022e   Section        0  libinit2.o(.ARM.Collect$$libinit$$00000032)
    .ARM.Collect$$libinit$$00000034          0x0800022e   Section        0  libinit2.o(.ARM.Collect$$libinit$$00000034)
    .ARM.Collect$$libinit$$00000035          0x0800022e   Section        2  libinit2.o(.ARM.Collect$$libinit$$00000035)
    .ARM.Collect$$libshutdown$$00000000      0x08000230   Section        2  libshutdown.o(.ARM.Collect$$libshutdown$$00000000)
    .ARM.Collect$$libshutdown$$00000002      0x08000232   Section        0  libshutdown2.o(.ARM.Collect$$libshutdown$$00000002)
    .ARM.Collect$$libshutdown$$00000004      0x08000232   Section        0  libshutdown2.o(.ARM.Collect$$libshutdown$$00000004)
    .ARM.Collect$$libshutdown$$00000007      0x08000232   Section        0  libshutdown2.o(.ARM.Collect$$libshutdown$$00000007)
    .ARM.Collect$$libshutdown$$0000000A      0x08000232   Section        0  libshutdown2.o(.ARM.Collect$$libshutdown$$0000000A)
    .ARM.Collect$$libshutdown$$0000000C      0x08000232   Section        0  libshutdown2.o(.ARM.Collect$$libshutdown$$0000000C)
    .ARM.Collect$$libshutdown$$0000000F      0x08000232   Section        0  libshutdown2.o(.ARM.Collect$$libshutdown$$0000000F)
    .ARM.Collect$$libshutdown$$00000010      0x08000232   Section        2  libshutdown2.o(.ARM.Collect$$libshutdown$$00000010)
    .ARM.Collect$$rtentry$$00000000          0x08000234   Section        0  __rtentry.o(.ARM.Collect$$rtentry$$00000000)
    .ARM.Collect$$rtentry$$00000002          0x08000234   Section        0  __rtentry2.o(.ARM.Collect$$rtentry$$00000002)
    .ARM.Collect$$rtentry$$00000004          0x08000234   Section        6  __rtentry4.o(.ARM.Collect$$rtentry$$00000004)
    .ARM.Collect$$rtentry$$00000009          0x0800023a   Section        0  __rtentry2.o(.ARM.Collect$$rtentry$$00000009)
    .ARM.Collect$$rtentry$$0000000A          0x0800023a   Section        4  __rtentry2.o(.ARM.Collect$$rtentry$$0000000A)
    .ARM.Collect$$rtentry$$0000000C          0x0800023e   Section        0  __rtentry2.o(.ARM.Collect$$rtentry$$0000000C)
    .ARM.Collect$$rtentry$$0000000D          0x0800023e   Section        8  __rtentry2.o(.ARM.Collect$$rtentry$$0000000D)
    .ARM.Collect$$rtexit$$00000000           0x08000246   Section        2  rtexit.o(.ARM.Collect$$rtexit$$00000000)
    .ARM.Collect$$rtexit$$00000002           0x08000248   Section        0  rtexit2.o(.ARM.Collect$$rtexit$$00000002)
    .ARM.Collect$$rtexit$$00000003           0x08000248   Section        4  rtexit2.o(.ARM.Collect$$rtexit$$00000003)
    .ARM.Collect$$rtexit$$00000004           0x0800024c   Section        6  rtexit2.o(.ARM.Collect$$rtexit$$00000004)
    $v0                                      0x08000254   Number         0  startup_gd32f407_427.o(.text)
    .text                                    0x08000254   Section       64  startup_gd32f407_427.o(.text)
    .text                                    0x08000294   Section      138  rt_memcpy_v6.o(.text)
    .text                                    0x0800031e   Section       16  aeabi_memset4.o(.text)
    .text                                    0x0800032e   Section       68  rt_memclr.o(.text)
    .text                                    0x08000372   Section       78  rt_memclr_w.o(.text)
    .text                                    0x080003c0   Section        0  heapauxi.o(.text)
    .text                                    0x080003c6   Section      100  rt_memcpy_w.o(.text)
    .text                                    0x0800042a   Section       74  sys_stackheap_outer.o(.text)
    .text                                    0x08000474   Section        0  exit.o(.text)
    .text                                    0x08000488   Section        8  libspace.o(.text)
    .text                                    0x08000490   Section        0  sys_exit.o(.text)
    .text                                    0x0800049c   Section        2  use_no_semi.o(.text)
    .text                                    0x0800049e   Section        0  indicate_semi.o(.text)
    [Anonymous Symbol]                       0x080004a0   Section        0  gd32f4xx_it.o(.text.BusFault_Handler)
    [Anonymous Symbol]                       0x080004a4   Section        0  gd32f4xx_it.o(.text.DebugMon_Handler)
    [Anonymous Symbol]                       0x080004a8   Section        0  bsp_led.o(.text.GPIO_config)
    [Anonymous Symbol]                       0x08000504   Section        0  gd32f4xx_it.o(.text.HardFault_Handler)
    [Anonymous Symbol]                       0x08000508   Section        0  gd32f4xx_it.o(.text.MemManage_Handler)
    [Anonymous Symbol]                       0x0800050c   Section        0  gd32f4xx_it.o(.text.NMI_Handler)
    [Anonymous Symbol]                       0x08000510   Section        0  port.o(.text.PendSV_Handler)
    pxCurrentTCBConst                        0x08000570   Number         0  port.o(.text.PendSV_Handler)
    [Anonymous Symbol]                       0x08000580   Section        0  port.o(.text.SVC_Handler)
    pxCurrentTCBConst2                       0x080005a0   Number         0  port.o(.text.SVC_Handler)
    [Anonymous Symbol]                       0x080005a4   Section        0  port.o(.text.SysTick_Handler)
    [Anonymous Symbol]                       0x080005e0   Section        0  system_gd32f4xx.o(.text.SystemInit)
    [Anonymous Symbol]                       0x080006dc   Section        0  gd32f4xx_it.o(.text.UsageFault_Handler)
    [Anonymous Symbol]                       0x080006e0   Section        0  systick.o(.text.delay_1ms)
    [Anonymous Symbol]                       0x08000708   Section        0  gd32f4xx_gpio.o(.text.gpio_bit_reset)
    [Anonymous Symbol]                       0x08000718   Section        0  gd32f4xx_gpio.o(.text.gpio_bit_set)
    [Anonymous Symbol]                       0x08000728   Section        0  gd32f4xx_gpio.o(.text.gpio_mode_set)
    [Anonymous Symbol]                       0x080007c4   Section        0  gd32f4xx_gpio.o(.text.gpio_output_options_set)
    [Anonymous Symbol]                       0x08000858   Section        0  bsp_led.o(.text.gpio_pp_init)
    [Anonymous Symbol]                       0x0800088c   Section        0  bsp_led.o(.text.led_turn_off)
    [Anonymous Symbol]                       0x080008b4   Section        0  bsp_led.o(.text.led_turn_on)
    [Anonymous Symbol]                       0x080008dc   Section        0  main.o(.text.main)
    prvAddCurrentTaskToDelayedList           0x0800093d   Thumb Code   282  tasks.o(.text.prvAddCurrentTaskToDelayedList)
    [Anonymous Symbol]                       0x0800093c   Section        0  tasks.o(.text.prvAddCurrentTaskToDelayedList)
    prvAddNewTaskToReadyList                 0x08000a59   Thumb Code   340  tasks.o(.text.prvAddNewTaskToReadyList)
    [Anonymous Symbol]                       0x08000a58   Section        0  tasks.o(.text.prvAddNewTaskToReadyList)
    prvCheckForValidListAndQueue             0x08000bad   Thumb Code   140  timers.o(.text.prvCheckForValidListAndQueue)
    [Anonymous Symbol]                       0x08000bac   Section        0  timers.o(.text.prvCheckForValidListAndQueue)
    prvCheckTasksWaitingTermination          0x08000c39   Thumb Code    90  tasks.o(.text.prvCheckTasksWaitingTermination)
    [Anonymous Symbol]                       0x08000c38   Section        0  tasks.o(.text.prvCheckTasksWaitingTermination)
    prvCopyDataFromQueue                     0x08000c95   Thumb Code    66  queue.o(.text.prvCopyDataFromQueue)
    [Anonymous Symbol]                       0x08000c94   Section        0  queue.o(.text.prvCopyDataFromQueue)
    prvDeleteTCB                             0x08000cd9   Thumb Code    24  tasks.o(.text.prvDeleteTCB)
    [Anonymous Symbol]                       0x08000cd8   Section        0  tasks.o(.text.prvDeleteTCB)
    prvGetNextExpireTime                     0x08000cf1   Thumb Code    64  timers.o(.text.prvGetNextExpireTime)
    [Anonymous Symbol]                       0x08000cf0   Section        0  timers.o(.text.prvGetNextExpireTime)
    prvHeapInit                              0x08000d31   Thumb Code   174  heap_4.o(.text.prvHeapInit)
    [Anonymous Symbol]                       0x08000d30   Section        0  heap_4.o(.text.prvHeapInit)
    prvIdleTask                              0x08000de1   Thumb Code    60  tasks.o(.text.prvIdleTask)
    [Anonymous Symbol]                       0x08000de0   Section        0  tasks.o(.text.prvIdleTask)
    prvInitialiseNewQueue                    0x08000e1d   Thumb Code    72  queue.o(.text.prvInitialiseNewQueue)
    [Anonymous Symbol]                       0x08000e1c   Section        0  queue.o(.text.prvInitialiseNewQueue)
    prvInitialiseNewTask                     0x08000e65   Thumb Code   292  tasks.o(.text.prvInitialiseNewTask)
    [Anonymous Symbol]                       0x08000e64   Section        0  tasks.o(.text.prvInitialiseNewTask)
    prvInitialiseTaskLists                   0x08000f89   Thumb Code   142  tasks.o(.text.prvInitialiseTaskLists)
    [Anonymous Symbol]                       0x08000f88   Section        0  tasks.o(.text.prvInitialiseTaskLists)
    prvInsertBlockIntoFreeList               0x08001019   Thumb Code   198  heap_4.o(.text.prvInsertBlockIntoFreeList)
    [Anonymous Symbol]                       0x08001018   Section        0  heap_4.o(.text.prvInsertBlockIntoFreeList)
    prvInsertTimerInActiveList               0x080010e1   Thumb Code   134  timers.o(.text.prvInsertTimerInActiveList)
    [Anonymous Symbol]                       0x080010e0   Section        0  timers.o(.text.prvInsertTimerInActiveList)
    prvIsQueueEmpty                          0x08001169   Thumb Code    40  queue.o(.text.prvIsQueueEmpty)
    [Anonymous Symbol]                       0x08001168   Section        0  queue.o(.text.prvIsQueueEmpty)
    prvPortStartFirstTask                    0x08001191   Thumb Code    40  port.o(.text.prvPortStartFirstTask)
    [Anonymous Symbol]                       0x08001190   Section        0  port.o(.text.prvPortStartFirstTask)
    prvProcessExpiredTimer                   0x080011b9   Thumb Code    84  timers.o(.text.prvProcessExpiredTimer)
    [Anonymous Symbol]                       0x080011b8   Section        0  timers.o(.text.prvProcessExpiredTimer)
    prvProcessReceivedCommands               0x0800120d   Thumb Code   326  timers.o(.text.prvProcessReceivedCommands)
    [Anonymous Symbol]                       0x0800120c   Section        0  timers.o(.text.prvProcessReceivedCommands)
    prvProcessTimerOrBlockTask               0x08001355   Thumb Code   154  timers.o(.text.prvProcessTimerOrBlockTask)
    [Anonymous Symbol]                       0x08001354   Section        0  timers.o(.text.prvProcessTimerOrBlockTask)
    prvReloadTimer                           0x080013f1   Thumb Code    52  timers.o(.text.prvReloadTimer)
    [Anonymous Symbol]                       0x080013f0   Section        0  timers.o(.text.prvReloadTimer)
    prvResetNextTaskUnblockTime              0x08001425   Thumb Code    60  tasks.o(.text.prvResetNextTaskUnblockTime)
    [Anonymous Symbol]                       0x08001424   Section        0  tasks.o(.text.prvResetNextTaskUnblockTime)
    prvSampleTimeNow                         0x08001461   Thumb Code    68  timers.o(.text.prvSampleTimeNow)
    [Anonymous Symbol]                       0x08001460   Section        0  timers.o(.text.prvSampleTimeNow)
    prvSwitchTimerLists                      0x080014a5   Thumb Code    82  timers.o(.text.prvSwitchTimerLists)
    [Anonymous Symbol]                       0x080014a4   Section        0  timers.o(.text.prvSwitchTimerLists)
    prvTaskExitError                         0x080014f9   Thumb Code    76  port.o(.text.prvTaskExitError)
    [Anonymous Symbol]                       0x080014f8   Section        0  port.o(.text.prvTaskExitError)
    prvTimerTask                             0x08001545   Thumb Code    30  timers.o(.text.prvTimerTask)
    [Anonymous Symbol]                       0x08001544   Section        0  timers.o(.text.prvTimerTask)
    prvUnlockQueue                           0x08001565   Thumb Code   174  queue.o(.text.prvUnlockQueue)
    [Anonymous Symbol]                       0x08001564   Section        0  queue.o(.text.prvUnlockQueue)
    [Anonymous Symbol]                       0x08001614   Section        0  heap_4.o(.text.pvPortMalloc)
    [Anonymous Symbol]                       0x080017ec   Section        0  port.o(.text.pxPortInitialiseStack)
    [Anonymous Symbol]                       0x0800184c   Section        0  gd32f4xx_rcu.o(.text.rcu_periph_clock_enable)
    [Anonymous Symbol]                       0x08001874   Section        0  main.o(.text.start_task)
    system_clock_168m_8m_hxtal               0x080018f1   Thumb Code   360  system_gd32f4xx.o(.text.system_clock_168m_8m_hxtal)
    [Anonymous Symbol]                       0x080018f0   Section        0  system_gd32f4xx.o(.text.system_clock_168m_8m_hxtal)
    system_clock_config                      0x08001a59   Thumb Code     8  system_gd32f4xx.o(.text.system_clock_config)
    [Anonymous Symbol]                       0x08001a58   Section        0  system_gd32f4xx.o(.text.system_clock_config)
    [Anonymous Symbol]                       0x08001a60   Section        0  main.o(.text.task1)
    [Anonymous Symbol]                       0x08001ac4   Section        0  main.o(.text.task2)
    [Anonymous Symbol]                       0x08001b28   Section        0  list.o(.text.uxListRemove)
    [Anonymous Symbol]                       0x08001b70   Section        0  main.o(.text.vApplicationIdleHook)
    [Anonymous Symbol]                       0x08001b74   Section        0  main.o(.text.vApplicationMallocFailedHook)
    [Anonymous Symbol]                       0x08001b78   Section        0  main.o(.text.vApplicationStackOverflowHook)
    [Anonymous Symbol]                       0x08001b84   Section        0  main.o(.text.vApplicationTickHook)
    [Anonymous Symbol]                       0x08001b88   Section        0  list.o(.text.vListInitialise)
    [Anonymous Symbol]                       0x08001bb8   Section        0  list.o(.text.vListInitialiseItem)
    [Anonymous Symbol]                       0x08001bc8   Section        0  list.o(.text.vListInsert)
    [Anonymous Symbol]                       0x08001c34   Section        0  list.o(.text.vListInsertEnd)
    vPortEnableVFP                           0x08001c71   Thumb Code    20  port.o(.text.vPortEnableVFP)
    [Anonymous Symbol]                       0x08001c70   Section        0  port.o(.text.vPortEnableVFP)
    [Anonymous Symbol]                       0x08001c84   Section        0  port.o(.text.vPortEnterCritical)
    [Anonymous Symbol]                       0x08001cdc   Section        0  port.o(.text.vPortExitCritical)
    [Anonymous Symbol]                       0x08001d28   Section        0  heap_4.o(.text.vPortFree)
    [Anonymous Symbol]                       0x08001de4   Section        0  port.o(.text.vPortSetupTimerInterrupt)
    [Anonymous Symbol]                       0x08001e28   Section        0  queue.o(.text.vQueueAddToRegistry)
    [Anonymous Symbol]                       0x08001ee0   Section        0  queue.o(.text.vQueueWaitForMessageRestricted)
    [Anonymous Symbol]                       0x08001f44   Section        0  tasks.o(.text.vTaskDelay)
    [Anonymous Symbol]                       0x08001fb4   Section        0  tasks.o(.text.vTaskDelete)
    [Anonymous Symbol]                       0x08002108   Section        0  tasks.o(.text.vTaskInternalSetTimeOutState)
    [Anonymous Symbol]                       0x0800212c   Section        0  tasks.o(.text.vTaskMissedYield)
    [Anonymous Symbol]                       0x0800213c   Section        0  tasks.o(.text.vTaskPlaceOnEventList)
    [Anonymous Symbol]                       0x08002180   Section        0  tasks.o(.text.vTaskPlaceOnEventListRestricted)
    [Anonymous Symbol]                       0x080021fc   Section        0  tasks.o(.text.vTaskStartScheduler)
    [Anonymous Symbol]                       0x080022b0   Section        0  tasks.o(.text.vTaskSuspendAll)
    __tagsym$$used.0                         0x080022c0   Number         0  tasks.o(.text.vTaskSwitchContext)
    [Anonymous Symbol]                       0x080022c0   Section        0  tasks.o(.text.vTaskSwitchContext)
    [Anonymous Symbol]                       0x080023d8   Section        0  port.o(.text.xPortStartScheduler)
    [Anonymous Symbol]                       0x08002530   Section        0  queue.o(.text.xQueueGenericCreate)
    [Anonymous Symbol]                       0x080025cc   Section        0  queue.o(.text.xQueueGenericReset)
    [Anonymous Symbol]                       0x080026d4   Section        0  queue.o(.text.xQueueReceive)
    [Anonymous Symbol]                       0x080028b0   Section        0  tasks.o(.text.xTaskCheckForTimeOut)
    [Anonymous Symbol]                       0x08002984   Section        0  tasks.o(.text.xTaskCreate)
    [Anonymous Symbol]                       0x08002a24   Section        0  tasks.o(.text.xTaskGetSchedulerState)
    [Anonymous Symbol]                       0x08002a5c   Section        0  tasks.o(.text.xTaskGetTickCount)
    [Anonymous Symbol]                       0x08002a70   Section        0  tasks.o(.text.xTaskIncrementTick)
    [Anonymous Symbol]                       0x08002cec   Section        0  tasks.o(.text.xTaskRemoveFromEventList)
    [Anonymous Symbol]                       0x08002e78   Section        0  tasks.o(.text.xTaskResumeAll)
    [Anonymous Symbol]                       0x0800309c   Section        0  timers.o(.text.xTimerCreateTimerTask)
    $v0                                      0x08003108   Number         0  fpinit.o(x$fpl$fpinit)
    x$fpl$fpinit                             0x08003108   Section       26  fpinit.o(x$fpl$fpinit)
    .L.str                                   0x08003122   Data           6  main.o(.rodata.str1.1)
    [Anonymous Symbol]                       0x08003122   Section        0  main.o(.rodata.str1.1)
    .L.str.1                                 0x08003128   Data           6  main.o(.rodata.str1.1)
    .L.str.2                                 0x0800312e   Data          11  main.o(.rodata.str1.1)
    .L.str                                   0x08003139   Data           5  tasks.o(.rodata.str1.1)
    [Anonymous Symbol]                       0x08003139   Section        0  tasks.o(.rodata.str1.1)
    .L.str.1                                 0x0800313e   Data           5  timers.o(.rodata.str1.1)
    [Anonymous Symbol]                       0x0800313e   Section        0  timers.o(.rodata.str1.1)
    .L.str                                   0x08003143   Data           8  timers.o(.rodata.str1.1)
    uxCriticalNesting                        0x20000024   Data           4  port.o(.data.uxCriticalNesting)
    [Anonymous Symbol]                       0x20000024   Section        0  port.o(.data.uxCriticalNesting)
    .bss                                     0x20000028   Section       96  libspace.o(.bss)
    delay                                    0x20000094   Data           4  systick.o(.bss.delay)
    [Anonymous Symbol]                       0x20000094   Section        0  systick.o(.bss.delay)
    prvSampleTimeNow.xLastTime               0x20000098   Data           4  timers.o(.bss.prvSampleTimeNow.xLastTime)
    [Anonymous Symbol]                       0x20000098   Section        0  timers.o(.bss.prvSampleTimeNow.xLastTime)
    __tagsym$$used.1                         0x2000009c   Number         0  tasks.o(.bss.pxCurrentTCB)
    pxCurrentTimerList                       0x200000a0   Data           4  timers.o(.bss.pxCurrentTimerList)
    [Anonymous Symbol]                       0x200000a0   Section        0  timers.o(.bss.pxCurrentTimerList)
    pxDelayedTaskList                        0x200000a4   Data           4  tasks.o(.bss.pxDelayedTaskList)
    [Anonymous Symbol]                       0x200000a4   Section        0  tasks.o(.bss.pxDelayedTaskList)
    pxEnd                                    0x200000a8   Data           4  heap_4.o(.bss.pxEnd)
    [Anonymous Symbol]                       0x200000a8   Section        0  heap_4.o(.bss.pxEnd)
    pxOverflowDelayedTaskList                0x200000ac   Data           4  tasks.o(.bss.pxOverflowDelayedTaskList)
    [Anonymous Symbol]                       0x200000ac   Section        0  tasks.o(.bss.pxOverflowDelayedTaskList)
    pxOverflowTimerList                      0x200000b0   Data           4  timers.o(.bss.pxOverflowTimerList)
    [Anonymous Symbol]                       0x200000b0   Section        0  timers.o(.bss.pxOverflowTimerList)
    pxReadyTasksLists                        0x200000b4   Data         100  tasks.o(.bss.pxReadyTasksLists)
    [Anonymous Symbol]                       0x200000b4   Section        0  tasks.o(.bss.pxReadyTasksLists)
    ucHeap                                   0x20000118   Data       76800  heap_4.o(.bss.ucHeap)
    [Anonymous Symbol]                       0x20000118   Section        0  heap_4.o(.bss.ucHeap)
    ucMaxSysCallPriority                     0x20012d18   Data           1  port.o(.bss.ucMaxSysCallPriority)
    [Anonymous Symbol]                       0x20012d18   Section        0  port.o(.bss.ucMaxSysCallPriority)
    ulMaxPRIGROUPValue                       0x20012d1c   Data           4  port.o(.bss.ulMaxPRIGROUPValue)
    [Anonymous Symbol]                       0x20012d1c   Section        0  port.o(.bss.ulMaxPRIGROUPValue)
    uxCurrentNumberOfTasks                   0x20012d20   Data           4  tasks.o(.bss.uxCurrentNumberOfTasks)
    [Anonymous Symbol]                       0x20012d20   Section        0  tasks.o(.bss.uxCurrentNumberOfTasks)
    uxDeletedTasksWaitingCleanUp             0x20012d24   Data           4  tasks.o(.bss.uxDeletedTasksWaitingCleanUp)
    [Anonymous Symbol]                       0x20012d24   Section        0  tasks.o(.bss.uxDeletedTasksWaitingCleanUp)
    uxSchedulerSuspended                     0x20012d28   Data           4  tasks.o(.bss.uxSchedulerSuspended)
    [Anonymous Symbol]                       0x20012d28   Section        0  tasks.o(.bss.uxSchedulerSuspended)
    uxTaskNumber                             0x20012d2c   Data           4  tasks.o(.bss.uxTaskNumber)
    [Anonymous Symbol]                       0x20012d2c   Section        0  tasks.o(.bss.uxTaskNumber)
    uxTopReadyPriority                       0x20012d30   Data           4  tasks.o(.bss.uxTopReadyPriority)
    [Anonymous Symbol]                       0x20012d30   Section        0  tasks.o(.bss.uxTopReadyPriority)
    xActiveTimerList1                        0x20012d34   Data          20  timers.o(.bss.xActiveTimerList1)
    [Anonymous Symbol]                       0x20012d34   Section        0  timers.o(.bss.xActiveTimerList1)
    xActiveTimerList2                        0x20012d48   Data          20  timers.o(.bss.xActiveTimerList2)
    [Anonymous Symbol]                       0x20012d48   Section        0  timers.o(.bss.xActiveTimerList2)
    xDelayedTaskList1                        0x20012d5c   Data          20  tasks.o(.bss.xDelayedTaskList1)
    [Anonymous Symbol]                       0x20012d5c   Section        0  tasks.o(.bss.xDelayedTaskList1)
    xDelayedTaskList2                        0x20012d70   Data          20  tasks.o(.bss.xDelayedTaskList2)
    [Anonymous Symbol]                       0x20012d70   Section        0  tasks.o(.bss.xDelayedTaskList2)
    xFreeBytesRemaining                      0x20012d84   Data           4  heap_4.o(.bss.xFreeBytesRemaining)
    [Anonymous Symbol]                       0x20012d84   Section        0  heap_4.o(.bss.xFreeBytesRemaining)
    xIdleTaskHandle                          0x20012d88   Data           4  tasks.o(.bss.xIdleTaskHandle)
    [Anonymous Symbol]                       0x20012d88   Section        0  tasks.o(.bss.xIdleTaskHandle)
    xMinimumEverFreeBytesRemaining           0x20012d8c   Data           4  heap_4.o(.bss.xMinimumEverFreeBytesRemaining)
    [Anonymous Symbol]                       0x20012d8c   Section        0  heap_4.o(.bss.xMinimumEverFreeBytesRemaining)
    xNextTaskUnblockTime                     0x20012d90   Data           4  tasks.o(.bss.xNextTaskUnblockTime)
    [Anonymous Symbol]                       0x20012d90   Section        0  tasks.o(.bss.xNextTaskUnblockTime)
    xNumOfOverflows                          0x20012d94   Data           4  tasks.o(.bss.xNumOfOverflows)
    [Anonymous Symbol]                       0x20012d94   Section        0  tasks.o(.bss.xNumOfOverflows)
    xNumberOfSuccessfulAllocations           0x20012d98   Data           4  heap_4.o(.bss.xNumberOfSuccessfulAllocations)
    [Anonymous Symbol]                       0x20012d98   Section        0  heap_4.o(.bss.xNumberOfSuccessfulAllocations)
    xNumberOfSuccessfulFrees                 0x20012d9c   Data           4  heap_4.o(.bss.xNumberOfSuccessfulFrees)
    [Anonymous Symbol]                       0x20012d9c   Section        0  heap_4.o(.bss.xNumberOfSuccessfulFrees)
    xPendedTicks                             0x20012da0   Data           4  tasks.o(.bss.xPendedTicks)
    [Anonymous Symbol]                       0x20012da0   Section        0  tasks.o(.bss.xPendedTicks)
    xPendingReadyList                        0x20012da4   Data          20  tasks.o(.bss.xPendingReadyList)
    [Anonymous Symbol]                       0x20012da4   Section        0  tasks.o(.bss.xPendingReadyList)
    xSchedulerRunning                        0x20012df8   Data           4  tasks.o(.bss.xSchedulerRunning)
    [Anonymous Symbol]                       0x20012df8   Section        0  tasks.o(.bss.xSchedulerRunning)
    xStart                                   0x20012dfc   Data           8  heap_4.o(.bss.xStart)
    [Anonymous Symbol]                       0x20012dfc   Section        0  heap_4.o(.bss.xStart)
    xSuspendedTaskList                       0x20012e04   Data          20  tasks.o(.bss.xSuspendedTaskList)
    [Anonymous Symbol]                       0x20012e04   Section        0  tasks.o(.bss.xSuspendedTaskList)
    xTasksWaitingTermination                 0x20012e18   Data          20  tasks.o(.bss.xTasksWaitingTermination)
    [Anonymous Symbol]                       0x20012e18   Section        0  tasks.o(.bss.xTasksWaitingTermination)
    xTickCount                               0x20012e2c   Data           4  tasks.o(.bss.xTickCount)
    [Anonymous Symbol]                       0x20012e2c   Section        0  tasks.o(.bss.xTickCount)
    xTimerQueue                              0x20012e30   Data           4  timers.o(.bss.xTimerQueue)
    [Anonymous Symbol]                       0x20012e30   Section        0  timers.o(.bss.xTimerQueue)
    xTimerTaskHandle                         0x20012e34   Data           4  timers.o(.bss.xTimerTaskHandle)
    [Anonymous Symbol]                       0x20012e34   Section        0  timers.o(.bss.xTimerTaskHandle)
    xYieldPending                            0x20012e38   Data           4  tasks.o(.bss.xYieldPending)
    [Anonymous Symbol]                       0x20012e38   Section        0  tasks.o(.bss.xYieldPending)
    Heap_Mem                                 0x20012e40   Data        1024  startup_gd32f407_427.o(HEAP)
    HEAP                                     0x20012e40   Section     1024  startup_gd32f407_427.o(HEAP)
    Stack_Mem                                0x20013240   Data        1024  startup_gd32f407_427.o(STACK)
    STACK                                    0x20013240   Section     1024  startup_gd32f407_427.o(STACK)
    __initial_sp                             0x20013640   Data           0  startup_gd32f407_427.o(STACK)

    Global Symbols

    Symbol Name                              Value     Ov Type        Size  Object(Section)

    BuildAttributes$$THM_ISAv4$E$P$D$K$B$S$7EM$VFPi3$EXTD16$VFPS$VFMA$PE$A:L22UL41UL21$X:L11$S22US41US21$IEEE1$IW$~IW$USESV6$~STKCKD$USESV7$~SHL$OSPACE$ROPI$EBA8$UX$STANDARDLIB$REQ8$PRES8$EABIv2 0x00000000   Number         0  anon$$obj.o ABSOLUTE
    __ARM_exceptions_init                     - Undefined Weak Reference
    __alloca_initialize                       - Undefined Weak Reference
    __arm_preinit_                            - Undefined Weak Reference
    __arm_relocate_pie_                       - Undefined Weak Reference
    __cpp_initialize__aeabi_                  - Undefined Weak Reference
    __cxa_finalize                            - Undefined Weak Reference
    __rt_locale                               - Undefined Weak Reference
    __sigvec_lookup                           - Undefined Weak Reference
    _atexit_init                              - Undefined Weak Reference
    _call_atexit_fns                          - Undefined Weak Reference
    _clock_init                               - Undefined Weak Reference
    _fp_trap_init                             - Undefined Weak Reference
    _fp_trap_shutdown                         - Undefined Weak Reference
    _get_lc_collate                           - Undefined Weak Reference
    _get_lc_ctype                             - Undefined Weak Reference
    _get_lc_monetary                          - Undefined Weak Reference
    _get_lc_numeric                           - Undefined Weak Reference
    _get_lc_time                              - Undefined Weak Reference
    _getenv_init                              - Undefined Weak Reference
    _handle_redirection                       - Undefined Weak Reference
    _init_alloc                               - Undefined Weak Reference
    _init_user_alloc                          - Undefined Weak Reference
    _initio                                   - Undefined Weak Reference
    _rand_init                                - Undefined Weak Reference
    _signal_finish                            - Undefined Weak Reference
    _signal_init                              - Undefined Weak Reference
    _terminate_alloc                          - Undefined Weak Reference
    _terminate_user_alloc                     - Undefined Weak Reference
    _terminateio                              - Undefined Weak Reference
    __Vectors_Size                           0x00000188   Number         0  startup_gd32f407_427.o ABSOLUTE
    __Vectors                                0x08000000   Data           4  startup_gd32f407_427.o(RESET)
    __Vectors_End                            0x08000188   Data           0  startup_gd32f407_427.o(RESET)
    __main                                   0x08000189   Thumb Code     8  __main.o(!!!main)
    __scatterload                            0x08000191   Thumb Code     0  __scatter.o(!!!scatter)
    __scatterload_rt2                        0x08000191   Thumb Code    84  __scatter.o(!!!scatter)
    __scatterload_rt2_thumb_only             0x08000191   Thumb Code     0  __scatter.o(!!!scatter)
    __scatterload_loop                       0x0800019b   Thumb Code     0  __scatter.o(!!!scatter)
    __scatterload_copy                       0x080001ed   Thumb Code    26  __scatter_copy.o(!!handler_copy)
    __scatterload_null                       0x08000209   Thumb Code     2  __scatter.o(!!handler_null)
    __scatterload_zeroinit                   0x0800020d   Thumb Code    28  __scatter_zi.o(!!handler_zi)
    __rt_lib_init                            0x08000229   Thumb Code     0  libinit.o(.ARM.Collect$$libinit$$00000000)
    __rt_lib_init_fp_1                       0x0800022b   Thumb Code     0  libinit2.o(.ARM.Collect$$libinit$$00000001)
    __rt_lib_init_alloca_1                   0x0800022f   Thumb Code     0  libinit2.o(.ARM.Collect$$libinit$$00000030)
    __rt_lib_init_argv_1                     0x0800022f   Thumb Code     0  libinit2.o(.ARM.Collect$$libinit$$0000002E)
    __rt_lib_init_atexit_1                   0x0800022f   Thumb Code     0  libinit2.o(.ARM.Collect$$libinit$$0000001D)
    __rt_lib_init_clock_1                    0x0800022f   Thumb Code     0  libinit2.o(.ARM.Collect$$libinit$$00000023)
    __rt_lib_init_cpp_1                      0x0800022f   Thumb Code     0  libinit2.o(.ARM.Collect$$libinit$$00000034)
    __rt_lib_init_exceptions_1               0x0800022f   Thumb Code     0  libinit2.o(.ARM.Collect$$libinit$$00000032)
    __rt_lib_init_fp_trap_1                  0x0800022f   Thumb Code     0  libinit2.o(.ARM.Collect$$libinit$$00000021)
    __rt_lib_init_getenv_1                   0x0800022f   Thumb Code     0  libinit2.o(.ARM.Collect$$libinit$$00000025)
    __rt_lib_init_heap_1                     0x0800022f   Thumb Code     0  libinit2.o(.ARM.Collect$$libinit$$0000000C)
    __rt_lib_init_lc_collate_1               0x0800022f   Thumb Code     0  libinit2.o(.ARM.Collect$$libinit$$00000013)
    __rt_lib_init_lc_ctype_1                 0x0800022f   Thumb Code     0  libinit2.o(.ARM.Collect$$libinit$$00000015)
    __rt_lib_init_lc_monetary_1              0x0800022f   Thumb Code     0  libinit2.o(.ARM.Collect$$libinit$$00000017)
    __rt_lib_init_lc_numeric_1               0x0800022f   Thumb Code     0  libinit2.o(.ARM.Collect$$libinit$$00000019)
    __rt_lib_init_lc_time_1                  0x0800022f   Thumb Code     0  libinit2.o(.ARM.Collect$$libinit$$0000001B)
    __rt_lib_init_preinit_1                  0x0800022f   Thumb Code     0  libinit2.o(.ARM.Collect$$libinit$$00000006)
    __rt_lib_init_rand_1                     0x0800022f   Thumb Code     0  libinit2.o(.ARM.Collect$$libinit$$00000010)
    __rt_lib_init_relocate_pie_1             0x0800022f   Thumb Code     0  libinit2.o(.ARM.Collect$$libinit$$00000004)
    __rt_lib_init_return                     0x0800022f   Thumb Code     0  libinit2.o(.ARM.Collect$$libinit$$00000035)
    __rt_lib_init_signal_1                   0x0800022f   Thumb Code     0  libinit2.o(.ARM.Collect$$libinit$$0000001F)
    __rt_lib_init_stdio_1                    0x0800022f   Thumb Code     0  libinit2.o(.ARM.Collect$$libinit$$00000027)
    __rt_lib_init_user_alloc_1               0x0800022f   Thumb Code     0  libinit2.o(.ARM.Collect$$libinit$$0000000E)
    __rt_lib_shutdown                        0x08000231   Thumb Code     0  libshutdown.o(.ARM.Collect$$libshutdown$$00000000)
    __rt_lib_shutdown_cpp_1                  0x08000233   Thumb Code     0  libshutdown2.o(.ARM.Collect$$libshutdown$$00000002)
    __rt_lib_shutdown_fp_trap_1              0x08000233   Thumb Code     0  libshutdown2.o(.ARM.Collect$$libshutdown$$00000007)
    __rt_lib_shutdown_heap_1                 0x08000233   Thumb Code     0  libshutdown2.o(.ARM.Collect$$libshutdown$$0000000F)
    __rt_lib_shutdown_return                 0x08000233   Thumb Code     0  libshutdown2.o(.ARM.Collect$$libshutdown$$00000010)
    __rt_lib_shutdown_signal_1               0x08000233   Thumb Code     0  libshutdown2.o(.ARM.Collect$$libshutdown$$0000000A)
    __rt_lib_shutdown_stdio_1                0x08000233   Thumb Code     0  libshutdown2.o(.ARM.Collect$$libshutdown$$00000004)
    __rt_lib_shutdown_user_alloc_1           0x08000233   Thumb Code     0  libshutdown2.o(.ARM.Collect$$libshutdown$$0000000C)
    __rt_entry                               0x08000235   Thumb Code     0  __rtentry.o(.ARM.Collect$$rtentry$$00000000)
    __rt_entry_presh_1                       0x08000235   Thumb Code     0  __rtentry2.o(.ARM.Collect$$rtentry$$00000002)
    __rt_entry_sh                            0x08000235   Thumb Code     0  __rtentry4.o(.ARM.Collect$$rtentry$$00000004)
    __rt_entry_li                            0x0800023b   Thumb Code     0  __rtentry2.o(.ARM.Collect$$rtentry$$0000000A)
    __rt_entry_postsh_1                      0x0800023b   Thumb Code     0  __rtentry2.o(.ARM.Collect$$rtentry$$00000009)
    __rt_entry_main                          0x0800023f   Thumb Code     0  __rtentry2.o(.ARM.Collect$$rtentry$$0000000D)
    __rt_entry_postli_1                      0x0800023f   Thumb Code     0  __rtentry2.o(.ARM.Collect$$rtentry$$0000000C)
    __rt_exit                                0x08000247   Thumb Code     0  rtexit.o(.ARM.Collect$$rtexit$$00000000)
    __rt_exit_ls                             0x08000249   Thumb Code     0  rtexit2.o(.ARM.Collect$$rtexit$$00000003)
    __rt_exit_prels_1                        0x08000249   Thumb Code     0  rtexit2.o(.ARM.Collect$$rtexit$$00000002)
    __rt_exit_exit                           0x0800024d   Thumb Code     0  rtexit2.o(.ARM.Collect$$rtexit$$00000004)
    Reset_Handler                            0x08000255   Thumb Code     8  startup_gd32f407_427.o(.text)
    ADC_IRQHandler                           0x0800026f   Thumb Code     0  startup_gd32f407_427.o(.text)
    CAN0_EWMC_IRQHandler                     0x0800026f   Thumb Code     0  startup_gd32f407_427.o(.text)
    CAN0_RX0_IRQHandler                      0x0800026f   Thumb Code     0  startup_gd32f407_427.o(.text)
    CAN0_RX1_IRQHandler                      0x0800026f   Thumb Code     0  startup_gd32f407_427.o(.text)
    CAN0_TX_IRQHandler                       0x0800026f   Thumb Code     0  startup_gd32f407_427.o(.text)
    CAN1_EWMC_IRQHandler                     0x0800026f   Thumb Code     0  startup_gd32f407_427.o(.text)
    CAN1_RX0_IRQHandler                      0x0800026f   Thumb Code     0  startup_gd32f407_427.o(.text)
    CAN1_RX1_IRQHandler                      0x0800026f   Thumb Code     0  startup_gd32f407_427.o(.text)
    CAN1_TX_IRQHandler                       0x0800026f   Thumb Code     0  startup_gd32f407_427.o(.text)
    DCI_IRQHandler                           0x0800026f   Thumb Code     0  startup_gd32f407_427.o(.text)
    DMA0_Channel0_IRQHandler                 0x0800026f   Thumb Code     0  startup_gd32f407_427.o(.text)
    DMA0_Channel1_IRQHandler                 0x0800026f   Thumb Code     0  startup_gd32f407_427.o(.text)
    DMA0_Channel2_IRQHandler                 0x0800026f   Thumb Code     0  startup_gd32f407_427.o(.text)
    DMA0_Channel3_IRQHandler                 0x0800026f   Thumb Code     0  startup_gd32f407_427.o(.text)
    DMA0_Channel4_IRQHandler                 0x0800026f   Thumb Code     0  startup_gd32f407_427.o(.text)
    DMA0_Channel5_IRQHandler                 0x0800026f   Thumb Code     0  startup_gd32f407_427.o(.text)
    DMA0_Channel6_IRQHandler                 0x0800026f   Thumb Code     0  startup_gd32f407_427.o(.text)
    DMA0_Channel7_IRQHandler                 0x0800026f   Thumb Code     0  startup_gd32f407_427.o(.text)
    DMA1_Channel0_IRQHandler                 0x0800026f   Thumb Code     0  startup_gd32f407_427.o(.text)
    DMA1_Channel1_IRQHandler                 0x0800026f   Thumb Code     0  startup_gd32f407_427.o(.text)
    DMA1_Channel2_IRQHandler                 0x0800026f   Thumb Code     0  startup_gd32f407_427.o(.text)
    DMA1_Channel3_IRQHandler                 0x0800026f   Thumb Code     0  startup_gd32f407_427.o(.text)
    DMA1_Channel4_IRQHandler                 0x0800026f   Thumb Code     0  startup_gd32f407_427.o(.text)
    DMA1_Channel5_IRQHandler                 0x0800026f   Thumb Code     0  startup_gd32f407_427.o(.text)
    DMA1_Channel6_IRQHandler                 0x0800026f   Thumb Code     0  startup_gd32f407_427.o(.text)
    DMA1_Channel7_IRQHandler                 0x0800026f   Thumb Code     0  startup_gd32f407_427.o(.text)
    ENET_IRQHandler                          0x0800026f   Thumb Code     0  startup_gd32f407_427.o(.text)
    ENET_WKUP_IRQHandler                     0x0800026f   Thumb Code     0  startup_gd32f407_427.o(.text)
    EXMC_IRQHandler                          0x0800026f   Thumb Code     0  startup_gd32f407_427.o(.text)
    EXTI0_IRQHandler                         0x0800026f   Thumb Code     0  startup_gd32f407_427.o(.text)
    EXTI10_15_IRQHandler                     0x0800026f   Thumb Code     0  startup_gd32f407_427.o(.text)
    EXTI1_IRQHandler                         0x0800026f   Thumb Code     0  startup_gd32f407_427.o(.text)
    EXTI2_IRQHandler                         0x0800026f   Thumb Code     0  startup_gd32f407_427.o(.text)
    EXTI3_IRQHandler                         0x0800026f   Thumb Code     0  startup_gd32f407_427.o(.text)
    EXTI4_IRQHandler                         0x0800026f   Thumb Code     0  startup_gd32f407_427.o(.text)
    EXTI5_9_IRQHandler                       0x0800026f   Thumb Code     0  startup_gd32f407_427.o(.text)
    FMC_IRQHandler                           0x0800026f   Thumb Code     0  startup_gd32f407_427.o(.text)
    FPU_IRQHandler                           0x0800026f   Thumb Code     0  startup_gd32f407_427.o(.text)
    I2C0_ER_IRQHandler                       0x0800026f   Thumb Code     0  startup_gd32f407_427.o(.text)
    I2C0_EV_IRQHandler                       0x0800026f   Thumb Code     0  startup_gd32f407_427.o(.text)
    I2C1_ER_IRQHandler                       0x0800026f   Thumb Code     0  startup_gd32f407_427.o(.text)
    I2C1_EV_IRQHandler                       0x0800026f   Thumb Code     0  startup_gd32f407_427.o(.text)
    I2C2_ER_IRQHandler                       0x0800026f   Thumb Code     0  startup_gd32f407_427.o(.text)
    I2C2_EV_IRQHandler                       0x0800026f   Thumb Code     0  startup_gd32f407_427.o(.text)
    LVD_IRQHandler                           0x0800026f   Thumb Code     0  startup_gd32f407_427.o(.text)
    RCU_CTC_IRQHandler                       0x0800026f   Thumb Code     0  startup_gd32f407_427.o(.text)
    RTC_Alarm_IRQHandler                     0x0800026f   Thumb Code     0  startup_gd32f407_427.o(.text)
    RTC_WKUP_IRQHandler                      0x0800026f   Thumb Code     0  startup_gd32f407_427.o(.text)
    SDIO_IRQHandler                          0x0800026f   Thumb Code     0  startup_gd32f407_427.o(.text)
    SPI0_IRQHandler                          0x0800026f   Thumb Code     0  startup_gd32f407_427.o(.text)
    SPI1_IRQHandler                          0x0800026f   Thumb Code     0  startup_gd32f407_427.o(.text)
    SPI2_IRQHandler                          0x0800026f   Thumb Code     0  startup_gd32f407_427.o(.text)
    TAMPER_STAMP_IRQHandler                  0x0800026f   Thumb Code     0  startup_gd32f407_427.o(.text)
    TIMER0_BRK_TIMER8_IRQHandler             0x0800026f   Thumb Code     0  startup_gd32f407_427.o(.text)
    TIMER0_Channel_IRQHandler                0x0800026f   Thumb Code     0  startup_gd32f407_427.o(.text)
    TIMER0_TRG_CMT_TIMER10_IRQHandler        0x0800026f   Thumb Code     0  startup_gd32f407_427.o(.text)
    TIMER0_UP_TIMER9_IRQHandler              0x0800026f   Thumb Code     0  startup_gd32f407_427.o(.text)
    TIMER1_IRQHandler                        0x0800026f   Thumb Code     0  startup_gd32f407_427.o(.text)
    TIMER2_IRQHandler                        0x0800026f   Thumb Code     0  startup_gd32f407_427.o(.text)
    TIMER3_IRQHandler                        0x0800026f   Thumb Code     0  startup_gd32f407_427.o(.text)
    TIMER4_IRQHandler                        0x0800026f   Thumb Code     0  startup_gd32f407_427.o(.text)
    TIMER5_DAC_IRQHandler                    0x0800026f   Thumb Code     0  startup_gd32f407_427.o(.text)
    TIMER6_IRQHandler                        0x0800026f   Thumb Code     0  startup_gd32f407_427.o(.text)
    TIMER7_BRK_TIMER11_IRQHandler            0x0800026f   Thumb Code     0  startup_gd32f407_427.o(.text)
    TIMER7_Channel_IRQHandler                0x0800026f   Thumb Code     0  startup_gd32f407_427.o(.text)
    TIMER7_TRG_CMT_TIMER13_IRQHandler        0x0800026f   Thumb Code     0  startup_gd32f407_427.o(.text)
    TIMER7_UP_TIMER12_IRQHandler             0x0800026f   Thumb Code     0  startup_gd32f407_427.o(.text)
    TRNG_IRQHandler                          0x0800026f   Thumb Code     0  startup_gd32f407_427.o(.text)
    UART3_IRQHandler                         0x0800026f   Thumb Code     0  startup_gd32f407_427.o(.text)
    UART4_IRQHandler                         0x0800026f   Thumb Code     0  startup_gd32f407_427.o(.text)
    USART0_IRQHandler                        0x0800026f   Thumb Code     0  startup_gd32f407_427.o(.text)
    USART1_IRQHandler                        0x0800026f   Thumb Code     0  startup_gd32f407_427.o(.text)
    USART2_IRQHandler                        0x0800026f   Thumb Code     0  startup_gd32f407_427.o(.text)
    USART5_IRQHandler                        0x0800026f   Thumb Code     0  startup_gd32f407_427.o(.text)
    USBFS_IRQHandler                         0x0800026f   Thumb Code     0  startup_gd32f407_427.o(.text)
    USBFS_WKUP_IRQHandler                    0x0800026f   Thumb Code     0  startup_gd32f407_427.o(.text)
    USBHS_EP1_In_IRQHandler                  0x0800026f   Thumb Code     0  startup_gd32f407_427.o(.text)
    USBHS_EP1_Out_IRQHandler                 0x0800026f   Thumb Code     0  startup_gd32f407_427.o(.text)
    USBHS_IRQHandler                         0x0800026f   Thumb Code     0  startup_gd32f407_427.o(.text)
    USBHS_WKUP_IRQHandler                    0x0800026f   Thumb Code     0  startup_gd32f407_427.o(.text)
    WWDGT_IRQHandler                         0x0800026f   Thumb Code     0  startup_gd32f407_427.o(.text)
    __user_initial_stackheap                 0x08000271   Thumb Code    10  startup_gd32f407_427.o(.text)
    __aeabi_memcpy                           0x08000295   Thumb Code     0  rt_memcpy_v6.o(.text)
    __rt_memcpy                              0x08000295   Thumb Code   138  rt_memcpy_v6.o(.text)
    _memcpy_lastbytes                        0x080002fb   Thumb Code     0  rt_memcpy_v6.o(.text)
    __aeabi_memset4                          0x0800031f   Thumb Code    16  aeabi_memset4.o(.text)
    __aeabi_memset8                          0x0800031f   Thumb Code     0  aeabi_memset4.o(.text)
    __aeabi_memclr                           0x0800032f   Thumb Code     0  rt_memclr.o(.text)
    __rt_memclr                              0x0800032f   Thumb Code     0  rt_memclr.o(.text)
    _memset                                  0x08000333   Thumb Code    64  rt_memclr.o(.text)
    __aeabi_memclr4                          0x08000373   Thumb Code     0  rt_memclr_w.o(.text)
    __aeabi_memclr8                          0x08000373   Thumb Code     0  rt_memclr_w.o(.text)
    __rt_memclr_w                            0x08000373   Thumb Code     0  rt_memclr_w.o(.text)
    _memset_w                                0x08000377   Thumb Code    74  rt_memclr_w.o(.text)
    __use_two_region_memory                  0x080003c1   Thumb Code     2  heapauxi.o(.text)
    __rt_heap_escrow$2region                 0x080003c3   Thumb Code     2  heapauxi.o(.text)
    __rt_heap_expand$2region                 0x080003c5   Thumb Code     2  heapauxi.o(.text)
    __aeabi_memcpy4                          0x080003c7   Thumb Code     0  rt_memcpy_w.o(.text)
    __aeabi_memcpy8                          0x080003c7   Thumb Code     0  rt_memcpy_w.o(.text)
    __rt_memcpy_w                            0x080003c7   Thumb Code   100  rt_memcpy_w.o(.text)
    _memcpy_lastbytes_aligned                0x0800040f   Thumb Code     0  rt_memcpy_w.o(.text)
    __user_setup_stackheap                   0x0800042b   Thumb Code    74  sys_stackheap_outer.o(.text)
    exit                                     0x08000475   Thumb Code    18  exit.o(.text)
    __user_libspace                          0x08000489   Thumb Code     8  libspace.o(.text)
    __user_perproc_libspace                  0x08000489   Thumb Code     0  libspace.o(.text)
    __user_perthread_libspace                0x08000489   Thumb Code     0  libspace.o(.text)
    _sys_exit                                0x08000491   Thumb Code     8  sys_exit.o(.text)
    __I$use$semihosting                      0x0800049d   Thumb Code     0  use_no_semi.o(.text)
    __use_no_semihosting_swi                 0x0800049d   Thumb Code     2  use_no_semi.o(.text)
    __semihosting_library_function           0x0800049f   Thumb Code     0  indicate_semi.o(.text)
    BusFault_Handler                         0x080004a1   Thumb Code     4  gd32f4xx_it.o(.text.BusFault_Handler)
    DebugMon_Handler                         0x080004a5   Thumb Code     4  gd32f4xx_it.o(.text.DebugMon_Handler)
    GPIO_config                              0x080004a9   Thumb Code    90  bsp_led.o(.text.GPIO_config)
    HardFault_Handler                        0x08000505   Thumb Code     4  gd32f4xx_it.o(.text.HardFault_Handler)
    MemManage_Handler                        0x08000509   Thumb Code     4  gd32f4xx_it.o(.text.MemManage_Handler)
    NMI_Handler                              0x0800050d   Thumb Code     4  gd32f4xx_it.o(.text.NMI_Handler)
    PendSV_Handler                           0x08000511   Thumb Code   100  port.o(.text.PendSV_Handler)
    SVC_Handler                              0x08000581   Thumb Code    36  port.o(.text.SVC_Handler)
    SysTick_Handler                          0x080005a5   Thumb Code    60  port.o(.text.SysTick_Handler)
    SystemInit                               0x080005e1   Thumb Code   250  system_gd32f4xx.o(.text.SystemInit)
    UsageFault_Handler                       0x080006dd   Thumb Code     4  gd32f4xx_it.o(.text.UsageFault_Handler)
    delay_1ms                                0x080006e1   Thumb Code    38  systick.o(.text.delay_1ms)
    gpio_bit_reset                           0x08000709   Thumb Code    16  gd32f4xx_gpio.o(.text.gpio_bit_reset)
    gpio_bit_set                             0x08000719   Thumb Code    16  gd32f4xx_gpio.o(.text.gpio_bit_set)
    gpio_mode_set                            0x08000729   Thumb Code   156  gd32f4xx_gpio.o(.text.gpio_mode_set)
    gpio_output_options_set                  0x080007c5   Thumb Code   146  gd32f4xx_gpio.o(.text.gpio_output_options_set)
    gpio_pp_init                             0x08000859   Thumb Code    52  bsp_led.o(.text.gpio_pp_init)
    led_turn_off                             0x0800088d   Thumb Code    40  bsp_led.o(.text.led_turn_off)
    led_turn_on                              0x080008b5   Thumb Code    40  bsp_led.o(.text.led_turn_on)
    main                                     0x080008dd   Thumb Code    96  main.o(.text.main)
    pvPortMalloc                             0x08001615   Thumb Code   470  heap_4.o(.text.pvPortMalloc)
    pxPortInitialiseStack                    0x080017ed   Thumb Code    94  port.o(.text.pxPortInitialiseStack)
    rcu_periph_clock_enable                  0x0800184d   Thumb Code    40  gd32f4xx_rcu.o(.text.rcu_periph_clock_enable)
    start_task                               0x08001875   Thumb Code   124  main.o(.text.start_task)
    task1                                    0x08001a61   Thumb Code   100  main.o(.text.task1)
    task2                                    0x08001ac5   Thumb Code   100  main.o(.text.task2)
    uxListRemove                             0x08001b29   Thumb Code    72  list.o(.text.uxListRemove)
    vApplicationIdleHook                     0x08001b71   Thumb Code     2  main.o(.text.vApplicationIdleHook)
    vApplicationMallocFailedHook             0x08001b75   Thumb Code     2  main.o(.text.vApplicationMallocFailedHook)
    vApplicationStackOverflowHook            0x08001b79   Thumb Code    10  main.o(.text.vApplicationStackOverflowHook)
    vApplicationTickHook                     0x08001b85   Thumb Code     2  main.o(.text.vApplicationTickHook)
    vListInitialise                          0x08001b89   Thumb Code    46  list.o(.text.vListInitialise)
    vListInitialiseItem                      0x08001bb9   Thumb Code    14  list.o(.text.vListInitialiseItem)
    vListInsert                              0x08001bc9   Thumb Code   106  list.o(.text.vListInsert)
    vListInsertEnd                           0x08001c35   Thumb Code    58  list.o(.text.vListInsertEnd)
    vPortEnterCritical                       0x08001c85   Thumb Code    86  port.o(.text.vPortEnterCritical)
    vPortExitCritical                        0x08001cdd   Thumb Code    74  port.o(.text.vPortExitCritical)
    vPortFree                                0x08001d29   Thumb Code   186  heap_4.o(.text.vPortFree)
    vPortSetupTimerInterrupt                 0x08001de5   Thumb Code    68  port.o(.text.vPortSetupTimerInterrupt)
    vQueueAddToRegistry                      0x08001e29   Thumb Code   182  queue.o(.text.vQueueAddToRegistry)
    vQueueWaitForMessageRestricted           0x08001ee1   Thumb Code   100  queue.o(.text.vQueueWaitForMessageRestricted)
    vTaskDelay                               0x08001f45   Thumb Code   110  tasks.o(.text.vTaskDelay)
    vTaskDelete                              0x08001fb5   Thumb Code   340  tasks.o(.text.vTaskDelete)
    vTaskInternalSetTimeOutState             0x08002109   Thumb Code    36  tasks.o(.text.vTaskInternalSetTimeOutState)
    vTaskMissedYield                         0x0800212d   Thumb Code    14  tasks.o(.text.vTaskMissedYield)
    vTaskPlaceOnEventList                    0x0800213d   Thumb Code    66  tasks.o(.text.vTaskPlaceOnEventList)
    vTaskPlaceOnEventListRestricted          0x08002181   Thumb Code   124  tasks.o(.text.vTaskPlaceOnEventListRestricted)
    vTaskStartScheduler                      0x080021fd   Thumb Code   178  tasks.o(.text.vTaskStartScheduler)
    vTaskSuspendAll                          0x080022b1   Thumb Code    16  tasks.o(.text.vTaskSuspendAll)
    vTaskSwitchContext                       0x080022c1   Thumb Code   280  tasks.o(.text.vTaskSwitchContext)
    xPortStartScheduler                      0x080023d9   Thumb Code   342  port.o(.text.xPortStartScheduler)
    xQueueGenericCreate                      0x08002531   Thumb Code   154  queue.o(.text.xQueueGenericCreate)
    xQueueGenericReset                       0x080025cd   Thumb Code   264  queue.o(.text.xQueueGenericReset)
    xQueueReceive                            0x080026d5   Thumb Code   476  queue.o(.text.xQueueReceive)
    xTaskCheckForTimeOut                     0x080028b1   Thumb Code   210  tasks.o(.text.xTaskCheckForTimeOut)
    xTaskCreate                              0x08002985   Thumb Code   160  tasks.o(.text.xTaskCreate)
    xTaskGetSchedulerState                   0x08002a25   Thumb Code    56  tasks.o(.text.xTaskGetSchedulerState)
    xTaskGetTickCount                        0x08002a5d   Thumb Code    20  tasks.o(.text.xTaskGetTickCount)
    xTaskIncrementTick                       0x08002a71   Thumb Code   634  tasks.o(.text.xTaskIncrementTick)
    xTaskRemoveFromEventList                 0x08002ced   Thumb Code   396  tasks.o(.text.xTaskRemoveFromEventList)
    xTaskResumeAll                           0x08002e79   Thumb Code   546  tasks.o(.text.xTaskResumeAll)
    xTimerCreateTimerTask                    0x0800309d   Thumb Code   108  timers.o(.text.xTimerCreateTimerTask)
    _fp_init                                 0x08003109   Thumb Code    26  fpinit.o(x$fpl$fpinit)
    __fplib_config_fpu_vfp                   0x08003121   Thumb Code     0  fpinit.o(x$fpl$fpinit)
    __fplib_config_pureend_doubles           0x08003121   Thumb Code     0  fpinit.o(x$fpl$fpinit)
    uxTopUsedPriority                        0x0800314c   Data           4  tasks.o(.rodata.uxTopUsedPriority)
    Region$$Table$$Base                      0x08003150   Number         0  anon$$obj.o(Region$$Table)
    Region$$Table$$Limit                     0x08003170   Number         0  anon$$obj.o(Region$$Table)
    SystemCoreClock                          0x20000000   Data           4  system_gd32f4xx.o(.data.SystemCoreClock)
    led_pin                                  0x20000004   Data          32  bsp_led.o(.data.led_pin)
    __libspace_start                         0x20000028   Data          96  libspace.o(.bss)
    StartTask_Handler                        0x20000088   Data           4  main.o(.bss.StartTask_Handler)
    __temporary_stack_top$libspace           0x20000088   Data           0  libspace.o(.bss)
    Task1_Handler                            0x2000008c   Data           4  main.o(.bss.Task1_Handler)
    Task2_Handler                            0x20000090   Data           4  main.o(.bss.Task2_Handler)
    pxCurrentTCB                             0x2000009c   Data           4  tasks.o(.bss.pxCurrentTCB)
    xQueueRegistry                           0x20012db8   Data          64  queue.o(.bss.xQueueRegistry)



==============================================================================

Memory Map of the image

  Image Entry point : 0x08000189

  Load Region LR_IROM1 (Base: 0x08000000, Size: 0x00003198, Max: 0x00080000, ABSOLUTE)

    Execution Region ER_IROM1 (Exec base: 0x08000000, Load base: 0x08000000, Size: 0x00003170, Max: 0x00080000, ABSOLUTE)

    Exec Addr    Load Addr    Size         Type   Attr      Idx    E Section Name        Object

    0x08000000   0x08000000   0x00000188   Data   RO          225    RESET               startup_gd32f407_427.o
    0x08000188   0x08000188   0x00000008   Code   RO          733  * !!!main             c_w.l(__main.o)
    0x08000190   0x08000190   0x0000005c   Code   RO          900    !!!scatter          c_w.l(__scatter.o)
    0x080001ec   0x080001ec   0x0000001a   Code   RO          904    !!handler_copy      c_w.l(__scatter_copy.o)
    0x08000206   0x08000206   0x00000002   PAD
    0x08000208   0x08000208   0x00000002   Code   RO          901    !!handler_null      c_w.l(__scatter.o)
    0x0800020a   0x0800020a   0x00000002   PAD
    0x0800020c   0x0800020c   0x0000001c   Code   RO          906    !!handler_zi        c_w.l(__scatter_zi.o)
    0x08000228   0x08000228   0x00000002   Code   RO          762    .ARM.Collect$$libinit$$00000000  c_w.l(libinit.o)
    0x0800022a   0x0800022a   0x00000004   Code   RO          768    .ARM.Collect$$libinit$$00000001  c_w.l(libinit2.o)
    0x0800022e   0x0800022e   0x00000000   Code   RO          771    .ARM.Collect$$libinit$$00000004  c_w.l(libinit2.o)
    0x0800022e   0x0800022e   0x00000000   Code   RO          773    .ARM.Collect$$libinit$$00000006  c_w.l(libinit2.o)
    0x0800022e   0x0800022e   0x00000000   Code   RO          776    .ARM.Collect$$libinit$$0000000C  c_w.l(libinit2.o)
    0x0800022e   0x0800022e   0x00000000   Code   RO          778    .ARM.Collect$$libinit$$0000000E  c_w.l(libinit2.o)
    0x0800022e   0x0800022e   0x00000000   Code   RO          780    .ARM.Collect$$libinit$$00000010  c_w.l(libinit2.o)
    0x0800022e   0x0800022e   0x00000000   Code   RO          783    .ARM.Collect$$libinit$$00000013  c_w.l(libinit2.o)
    0x0800022e   0x0800022e   0x00000000   Code   RO          785    .ARM.Collect$$libinit$$00000015  c_w.l(libinit2.o)
    0x0800022e   0x0800022e   0x00000000   Code   RO          787    .ARM.Collect$$libinit$$00000017  c_w.l(libinit2.o)
    0x0800022e   0x0800022e   0x00000000   Code   RO          789    .ARM.Collect$$libinit$$00000019  c_w.l(libinit2.o)
    0x0800022e   0x0800022e   0x00000000   Code   RO          791    .ARM.Collect$$libinit$$0000001B  c_w.l(libinit2.o)
    0x0800022e   0x0800022e   0x00000000   Code   RO          793    .ARM.Collect$$libinit$$0000001D  c_w.l(libinit2.o)
    0x0800022e   0x0800022e   0x00000000   Code   RO          795    .ARM.Collect$$libinit$$0000001F  c_w.l(libinit2.o)
    0x0800022e   0x0800022e   0x00000000   Code   RO          797    .ARM.Collect$$libinit$$00000021  c_w.l(libinit2.o)
    0x0800022e   0x0800022e   0x00000000   Code   RO          799    .ARM.Collect$$libinit$$00000023  c_w.l(libinit2.o)
    0x0800022e   0x0800022e   0x00000000   Code   RO          801    .ARM.Collect$$libinit$$00000025  c_w.l(libinit2.o)
    0x0800022e   0x0800022e   0x00000000   Code   RO          803    .ARM.Collect$$libinit$$00000027  c_w.l(libinit2.o)
    0x0800022e   0x0800022e   0x00000000   Code   RO          807    .ARM.Collect$$libinit$$0000002E  c_w.l(libinit2.o)
    0x0800022e   0x0800022e   0x00000000   Code   RO          809    .ARM.Collect$$libinit$$00000030  c_w.l(libinit2.o)
    0x0800022e   0x0800022e   0x00000000   Code   RO          811    .ARM.Collect$$libinit$$00000032  c_w.l(libinit2.o)
    0x0800022e   0x0800022e   0x00000000   Code   RO          813    .ARM.Collect$$libinit$$00000034  c_w.l(libinit2.o)
    0x0800022e   0x0800022e   0x00000002   Code   RO          814    .ARM.Collect$$libinit$$00000035  c_w.l(libinit2.o)
    0x08000230   0x08000230   0x00000002   Code   RO          836    .ARM.Collect$$libshutdown$$00000000  c_w.l(libshutdown.o)
    0x08000232   0x08000232   0x00000000   Code   RO          851    .ARM.Collect$$libshutdown$$00000002  c_w.l(libshutdown2.o)
    0x08000232   0x08000232   0x00000000   Code   RO          853    .ARM.Collect$$libshutdown$$00000004  c_w.l(libshutdown2.o)
    0x08000232   0x08000232   0x00000000   Code   RO          856    .ARM.Collect$$libshutdown$$00000007  c_w.l(libshutdown2.o)
    0x08000232   0x08000232   0x00000000   Code   RO          859    .ARM.Collect$$libshutdown$$0000000A  c_w.l(libshutdown2.o)
    0x08000232   0x08000232   0x00000000   Code   RO          861    .ARM.Collect$$libshutdown$$0000000C  c_w.l(libshutdown2.o)
    0x08000232   0x08000232   0x00000000   Code   RO          864    .ARM.Collect$$libshutdown$$0000000F  c_w.l(libshutdown2.o)
    0x08000232   0x08000232   0x00000002   Code   RO          865    .ARM.Collect$$libshutdown$$00000010  c_w.l(libshutdown2.o)
    0x08000234   0x08000234   0x00000000   Code   RO          735    .ARM.Collect$$rtentry$$00000000  c_w.l(__rtentry.o)
    0x08000234   0x08000234   0x00000000   Code   RO          739    .ARM.Collect$$rtentry$$00000002  c_w.l(__rtentry2.o)
    0x08000234   0x08000234   0x00000006   Code   RO          751    .ARM.Collect$$rtentry$$00000004  c_w.l(__rtentry4.o)
    0x0800023a   0x0800023a   0x00000000   Code   RO          741    .ARM.Collect$$rtentry$$00000009  c_w.l(__rtentry2.o)
    0x0800023a   0x0800023a   0x00000004   Code   RO          742    .ARM.Collect$$rtentry$$0000000A  c_w.l(__rtentry2.o)
    0x0800023e   0x0800023e   0x00000000   Code   RO          744    .ARM.Collect$$rtentry$$0000000C  c_w.l(__rtentry2.o)
    0x0800023e   0x0800023e   0x00000008   Code   RO          745    .ARM.Collect$$rtentry$$0000000D  c_w.l(__rtentry2.o)
    0x08000246   0x08000246   0x00000002   Code   RO          766    .ARM.Collect$$rtexit$$00000000  c_w.l(rtexit.o)
    0x08000248   0x08000248   0x00000000   Code   RO          816    .ARM.Collect$$rtexit$$00000002  c_w.l(rtexit2.o)
    0x08000248   0x08000248   0x00000004   Code   RO          817    .ARM.Collect$$rtexit$$00000003  c_w.l(rtexit2.o)
    0x0800024c   0x0800024c   0x00000006   Code   RO          818    .ARM.Collect$$rtexit$$00000004  c_w.l(rtexit2.o)
    0x08000252   0x08000252   0x00000002   PAD
    0x08000254   0x08000254   0x00000040   Code   RO          226    .text               startup_gd32f407_427.o
    0x08000294   0x08000294   0x0000008a   Code   RO          721    .text               c_w.l(rt_memcpy_v6.o)
    0x0800031e   0x0800031e   0x00000010   Code   RO          725    .text               c_w.l(aeabi_memset4.o)
    0x0800032e   0x0800032e   0x00000044   Code   RO          727    .text               c_w.l(rt_memclr.o)
    0x08000372   0x08000372   0x0000004e   Code   RO          729    .text               c_w.l(rt_memclr_w.o)
    0x080003c0   0x080003c0   0x00000006   Code   RO          731    .text               c_w.l(heapauxi.o)
    0x080003c6   0x080003c6   0x00000064   Code   RO          736    .text               c_w.l(rt_memcpy_w.o)
    0x0800042a   0x0800042a   0x0000004a   Code   RO          753    .text               c_w.l(sys_stackheap_outer.o)
    0x08000474   0x08000474   0x00000012   Code   RO          755    .text               c_w.l(exit.o)
    0x08000486   0x08000486   0x00000002   PAD
    0x08000488   0x08000488   0x00000008   Code   RO          763    .text               c_w.l(libspace.o)
    0x08000490   0x08000490   0x0000000c   Code   RO          826    .text               c_w.l(sys_exit.o)
    0x0800049c   0x0800049c   0x00000002   Code   RO          841    .text               c_w.l(use_no_semi.o)
    0x0800049e   0x0800049e   0x00000000   Code   RO          843    .text               c_w.l(indicate_semi.o)
    0x0800049e   0x0800049e   0x00000002   PAD
    0x080004a0   0x080004a0   0x00000004   Code   RO            8    .text.BusFault_Handler  gd32f4xx_it.o
    0x080004a4   0x080004a4   0x00000004   Code   RO           12    .text.DebugMon_Handler  gd32f4xx_it.o
    0x080004a8   0x080004a8   0x0000005a   Code   RO          702    .text.GPIO_config   bsp_led.o
    0x08000502   0x08000502   0x00000002   PAD
    0x08000504   0x08000504   0x00000004   Code   RO            4    .text.HardFault_Handler  gd32f4xx_it.o
    0x08000508   0x08000508   0x00000004   Code   RO            6    .text.MemManage_Handler  gd32f4xx_it.o
    0x0800050c   0x0800050c   0x00000004   Code   RO            2    .text.NMI_Handler   gd32f4xx_it.o
    0x08000510   0x08000510   0x00000064   Code   RO          652    .text.PendSV_Handler  port.o
    0x08000574   0x08000574   0x0000000c   PAD
    0x08000580   0x08000580   0x00000024   Code   RO          636    .text.SVC_Handler   port.o
    0x080005a4   0x080005a4   0x0000003c   Code   RO          654    .text.SysTick_Handler  port.o
    0x080005e0   0x080005e0   0x000000fa   Code   RO          207    .text.SystemInit    system_gd32f4xx.o
    0x080006da   0x080006da   0x00000002   PAD
    0x080006dc   0x080006dc   0x00000004   Code   RO           10    .text.UsageFault_Handler  gd32f4xx_it.o
    0x080006e0   0x080006e0   0x00000026   Code   RO           55    .text.delay_1ms     systick.o
    0x08000706   0x08000706   0x00000002   PAD
    0x08000708   0x08000708   0x00000010   Code   RO          178    .text.gpio_bit_reset  gd32f4xx_gpio.o
    0x08000718   0x08000718   0x00000010   Code   RO          176    .text.gpio_bit_set  gd32f4xx_gpio.o
    0x08000728   0x08000728   0x0000009c   Code   RO          172    .text.gpio_mode_set  gd32f4xx_gpio.o
    0x080007c4   0x080007c4   0x00000092   Code   RO          174    .text.gpio_output_options_set  gd32f4xx_gpio.o
    0x08000856   0x08000856   0x00000002   PAD
    0x08000858   0x08000858   0x00000034   Code   RO          700    .text.gpio_pp_init  bsp_led.o
    0x0800088c   0x0800088c   0x00000028   Code   RO          710    .text.led_turn_off  bsp_led.o
    0x080008b4   0x080008b4   0x00000028   Code   RO          708    .text.led_turn_on   bsp_led.o
    0x080008dc   0x080008dc   0x00000060   Code   RO           35    .text.main          main.o
    0x0800093c   0x0800093c   0x0000011a   Code   RO          431    .text.prvAddCurrentTaskToDelayedList  tasks.o
    0x08000a56   0x08000a56   0x00000002   PAD
    0x08000a58   0x08000a58   0x00000154   Code   RO          419    .text.prvAddNewTaskToReadyList  tasks.o
    0x08000bac   0x08000bac   0x0000008c   Code   RO          567    .text.prvCheckForValidListAndQueue  timers.o
    0x08000c38   0x08000c38   0x0000005a   Code   RO          533    .text.prvCheckTasksWaitingTermination  tasks.o
    0x08000c92   0x08000c92   0x00000002   PAD
    0x08000c94   0x08000c94   0x00000042   Code   RO          314    .text.prvCopyDataFromQueue  queue.o
    0x08000cd6   0x08000cd6   0x00000002   PAD
    0x08000cd8   0x08000cd8   0x00000018   Code   RO          425    .text.prvDeleteTCB  tasks.o
    0x08000cf0   0x08000cf0   0x00000040   Code   RO          601    .text.prvGetNextExpireTime  timers.o
    0x08000d30   0x08000d30   0x000000ae   Code   RO          670    .text.prvHeapInit   heap_4.o
    0x08000dde   0x08000dde   0x00000002   PAD
    0x08000de0   0x08000de0   0x0000003c   Code   RO          457    .text.prvIdleTask   tasks.o
    0x08000e1c   0x08000e1c   0x00000048   Code   RO          286    .text.prvInitialiseNewQueue  queue.o
    0x08000e64   0x08000e64   0x00000124   Code   RO          417    .text.prvInitialiseNewTask  tasks.o
    0x08000f88   0x08000f88   0x0000008e   Code   RO          531    .text.prvInitialiseTaskLists  tasks.o
    0x08001016   0x08001016   0x00000002   PAD
    0x08001018   0x08001018   0x000000c6   Code   RO          672    .text.prvInsertBlockIntoFreeList  heap_4.o
    0x080010de   0x080010de   0x00000002   PAD
    0x080010e0   0x080010e0   0x00000086   Code   RO          615    .text.prvInsertTimerInActiveList  timers.o
    0x08001166   0x08001166   0x00000002   PAD
    0x08001168   0x08001168   0x00000028   Code   RO          316    .text.prvIsQueueEmpty  queue.o
    0x08001190   0x08001190   0x00000028   Code   RO          644    .text.prvPortStartFirstTask  port.o
    0x080011b8   0x080011b8   0x00000054   Code   RO          609    .text.prvProcessExpiredTimer  timers.o
    0x0800120c   0x0800120c   0x00000146   Code   RO          605    .text.prvProcessReceivedCommands  timers.o
    0x08001352   0x08001352   0x00000002   PAD
    0x08001354   0x08001354   0x0000009a   Code   RO          603    .text.prvProcessTimerOrBlockTask  timers.o
    0x080013ee   0x080013ee   0x00000002   PAD
    0x080013f0   0x080013f0   0x00000034   Code   RO          613    .text.prvReloadTimer  timers.o
    0x08001424   0x08001424   0x0000003c   Code   RO          423    .text.prvResetNextTaskUnblockTime  tasks.o
    0x08001460   0x08001460   0x00000044   Code   RO          607    .text.prvSampleTimeNow  timers.o
    0x080014a4   0x080014a4   0x00000052   Code   RO          611    .text.prvSwitchTimerLists  timers.o
    0x080014f6   0x080014f6   0x00000002   PAD
    0x080014f8   0x080014f8   0x0000004c   Code   RO          634    .text.prvTaskExitError  port.o
    0x08001544   0x08001544   0x0000001e   Code   RO          569    .text.prvTimerTask  timers.o
    0x08001562   0x08001562   0x00000002   PAD
    0x08001564   0x08001564   0x000000ae   Code   RO          306    .text.prvUnlockQueue  queue.o
    0x08001612   0x08001612   0x00000002   PAD
    0x08001614   0x08001614   0x000001d6   Code   RO          668    .text.pvPortMalloc  heap_4.o
    0x080017ea   0x080017ea   0x00000002   PAD
    0x080017ec   0x080017ec   0x0000005e   Code   RO          632    .text.pxPortInitialiseStack  port.o
    0x0800184a   0x0800184a   0x00000002   PAD
    0x0800184c   0x0800184c   0x00000028   Code   RO           71    .text.rcu_periph_clock_enable  gd32f4xx_rcu.o
    0x08001874   0x08001874   0x0000007c   Code   RO           33    .text.start_task    main.o
    0x080018f0   0x080018f0   0x00000168   Code   RO          213    .text.system_clock_168m_8m_hxtal  system_gd32f4xx.o
    0x08001a58   0x08001a58   0x00000008   Code   RO          209    .text.system_clock_config  system_gd32f4xx.o
    0x08001a60   0x08001a60   0x00000064   Code   RO           29    .text.task1         main.o
    0x08001ac4   0x08001ac4   0x00000064   Code   RO           31    .text.task2         main.o
    0x08001b28   0x08001b28   0x00000048   Code   RO          273    .text.uxListRemove  list.o
    0x08001b70   0x08001b70   0x00000002   Code   RO           23    .text.vApplicationIdleHook  main.o
    0x08001b72   0x08001b72   0x00000002   PAD
    0x08001b74   0x08001b74   0x00000002   Code   RO           27    .text.vApplicationMallocFailedHook  main.o
    0x08001b76   0x08001b76   0x00000002   PAD
    0x08001b78   0x08001b78   0x0000000a   Code   RO           21    .text.vApplicationStackOverflowHook  main.o
    0x08001b82   0x08001b82   0x00000002   PAD
    0x08001b84   0x08001b84   0x00000002   Code   RO           25    .text.vApplicationTickHook  main.o
    0x08001b86   0x08001b86   0x00000002   PAD
    0x08001b88   0x08001b88   0x0000002e   Code   RO          265    .text.vListInitialise  list.o
    0x08001bb6   0x08001bb6   0x00000002   PAD
    0x08001bb8   0x08001bb8   0x0000000e   Code   RO          267    .text.vListInitialiseItem  list.o
    0x08001bc6   0x08001bc6   0x00000002   PAD
    0x08001bc8   0x08001bc8   0x0000006a   Code   RO          271    .text.vListInsert   list.o
    0x08001c32   0x08001c32   0x00000002   PAD
    0x08001c34   0x08001c34   0x0000003a   Code   RO          269    .text.vListInsertEnd  list.o
    0x08001c6e   0x08001c6e   0x00000002   PAD
    0x08001c70   0x08001c70   0x00000014   Code   RO          642    .text.vPortEnableVFP  port.o
    0x08001c84   0x08001c84   0x00000056   Code   RO          648    .text.vPortEnterCritical  port.o
    0x08001cda   0x08001cda   0x00000002   PAD
    0x08001cdc   0x08001cdc   0x0000004a   Code   RO          650    .text.vPortExitCritical  port.o
    0x08001d26   0x08001d26   0x00000002   PAD
    0x08001d28   0x08001d28   0x000000ba   Code   RO          674    .text.vPortFree     heap_4.o
    0x08001de2   0x08001de2   0x00000002   PAD
    0x08001de4   0x08001de4   0x00000044   Code   RO          640    .text.vPortSetupTimerInterrupt  port.o
    0x08001e28   0x08001e28   0x000000b6   Code   RO          346    .text.vQueueAddToRegistry  queue.o
    0x08001ede   0x08001ede   0x00000002   PAD
    0x08001ee0   0x08001ee0   0x00000064   Code   RO          350    .text.vQueueWaitForMessageRestricted  queue.o
    0x08001f44   0x08001f44   0x0000006e   Code   RO          435    .text.vTaskDelay    tasks.o
    0x08001fb2   0x08001fb2   0x00000002   PAD
    0x08001fb4   0x08001fb4   0x00000154   Code   RO          421    .text.vTaskDelete   tasks.o
    0x08002108   0x08002108   0x00000024   Code   RO          489    .text.vTaskInternalSetTimeOutState  tasks.o
    0x0800212c   0x0800212c   0x0000000e   Code   RO          493    .text.vTaskMissedYield  tasks.o
    0x0800213a   0x0800213a   0x00000002   PAD
    0x0800213c   0x0800213c   0x00000042   Code   RO          477    .text.vTaskPlaceOnEventList  tasks.o
    0x0800217e   0x0800217e   0x00000002   PAD
    0x08002180   0x08002180   0x0000007c   Code   RO          481    .text.vTaskPlaceOnEventListRestricted  tasks.o
    0x080021fc   0x080021fc   0x000000b2   Code   RO          455    .text.vTaskStartScheduler  tasks.o
    0x080022ae   0x080022ae   0x00000002   PAD
    0x080022b0   0x080022b0   0x00000010   Code   RO          429    .text.vTaskSuspendAll  tasks.o
    0x080022c0   0x080022c0   0x00000118   Code   RO          447    .text.vTaskSwitchContext  tasks.o
    0x080023d8   0x080023d8   0x00000156   Code   RO          638    .text.xPortStartScheduler  port.o
    0x0800252e   0x0800252e   0x00000002   PAD
    0x08002530   0x08002530   0x0000009a   Code   RO          284    .text.xQueueGenericCreate  queue.o
    0x080025ca   0x080025ca   0x00000002   PAD
    0x080025cc   0x080025cc   0x00000108   Code   RO          282    .text.xQueueGenericReset  queue.o
    0x080026d4   0x080026d4   0x000001dc   Code   RO          312    .text.xQueueReceive  queue.o
    0x080028b0   0x080028b0   0x000000d2   Code   RO          491    .text.xTaskCheckForTimeOut  tasks.o
    0x08002982   0x08002982   0x00000002   PAD
    0x08002984   0x08002984   0x000000a0   Code   RO          415    .text.xTaskCreate   tasks.o
    0x08002a24   0x08002a24   0x00000038   Code   RO          505    .text.xTaskGetSchedulerState  tasks.o
    0x08002a5c   0x08002a5c   0x00000014   Code   RO          463    .text.xTaskGetTickCount  tasks.o
    0x08002a70   0x08002a70   0x0000027a   Code   RO          461    .text.xTaskIncrementTick  tasks.o
    0x08002cea   0x08002cea   0x00000002   PAD
    0x08002cec   0x08002cec   0x0000018c   Code   RO          483    .text.xTaskRemoveFromEventList  tasks.o
    0x08002e78   0x08002e78   0x00000222   Code   RO          433    .text.xTaskResumeAll  tasks.o
    0x0800309a   0x0800309a   0x00000002   PAD
    0x0800309c   0x0800309c   0x0000006c   Code   RO          565    .text.xTimerCreateTimerTask  timers.o
    0x08003108   0x08003108   0x0000001a   Code   RO          824    x$fpl$fpinit        fz_wm.l(fpinit.o)
    0x08003122   0x08003122   0x00000017   Data   RO           37    .rodata.str1.1      main.o
    0x08003139   0x08003139   0x00000005   Data   RO          551    .rodata.str1.1      tasks.o
    0x0800313e   0x0800313e   0x0000000d   Data   RO          618    .rodata.str1.1      timers.o
    0x0800314b   0x0800314b   0x00000001   PAD
    0x0800314c   0x0800314c   0x00000004   Data   RO          536    .rodata.uxTopUsedPriority  tasks.o
    0x08003150   0x08003150   0x00000020   Data   RO          899    Region$$Table       anon$$obj.o


    Execution Region RW_IRAM1 (Exec base: 0x20000000, Load base: 0x08003170, Size: 0x00013640, Max: 0x00020000, ABSOLUTE)

    Exec Addr    Load Addr    Size         Type   Attr      Idx    E Section Name        Object

    0x20000000   0x08003170   0x00000004   Data   RW          215    .data.SystemCoreClock  system_gd32f4xx.o
    0x20000004   0x08003174   0x00000020   Data   RW          712    .data.led_pin       bsp_led.o
    0x20000024   0x08003194   0x00000004   Data   RW          660    .data.uxCriticalNesting  port.o
    0x20000028        -       0x00000060   Zero   RW          764    .bss                c_w.l(libspace.o)
    0x20000088        -       0x00000004   Zero   RW           40    .bss.StartTask_Handler  main.o
    0x2000008c        -       0x00000004   Zero   RW           38    .bss.Task1_Handler  main.o
    0x20000090        -       0x00000004   Zero   RW           39    .bss.Task2_Handler  main.o
    0x20000094        -       0x00000004   Zero   RW           59    .bss.delay          systick.o
    0x20000098        -       0x00000004   Zero   RW          622    .bss.prvSampleTimeNow.xLastTime  timers.o
    0x2000009c        -       0x00000004   Zero   RW          535    .bss.pxCurrentTCB   tasks.o
    0x200000a0        -       0x00000004   Zero   RW          620    .bss.pxCurrentTimerList  timers.o
    0x200000a4        -       0x00000004   Zero   RW          546    .bss.pxDelayedTaskList  tasks.o
    0x200000a8        -       0x00000004   Zero   RW          686    .bss.pxEnd          heap_4.o
    0x200000ac        -       0x00000004   Zero   RW          547    .bss.pxOverflowDelayedTaskList  tasks.o
    0x200000b0        -       0x00000004   Zero   RW          621    .bss.pxOverflowTimerList  timers.o
    0x200000b4        -       0x00000064   Zero   RW          537    .bss.pxReadyTasksLists  tasks.o
    0x20000118        -       0x00012c00   Zero   RW          692    .bss.ucHeap         heap_4.o
    0x20012d18        -       0x00000001   Zero   RW          658    .bss.ucMaxSysCallPriority  port.o
    0x20012d19   0x08003198   0x00000003   PAD
    0x20012d1c        -       0x00000004   Zero   RW          659    .bss.ulMaxPRIGROUPValue  port.o
    0x20012d20        -       0x00000004   Zero   RW          542    .bss.uxCurrentNumberOfTasks  tasks.o
    0x20012d24        -       0x00000004   Zero   RW          541    .bss.uxDeletedTasksWaitingCleanUp  tasks.o
    0x20012d28        -       0x00000004   Zero   RW          544    .bss.uxSchedulerSuspended  tasks.o
    0x20012d2c        -       0x00000004   Zero   RW          539    .bss.uxTaskNumber   tasks.o
    0x20012d30        -       0x00000004   Zero   RW          538    .bss.uxTopReadyPriority  tasks.o
    0x20012d34        -       0x00000014   Zero   RW          623    .bss.xActiveTimerList1  timers.o
    0x20012d48        -       0x00000014   Zero   RW          624    .bss.xActiveTimerList2  timers.o
    0x20012d5c        -       0x00000014   Zero   RW          556    .bss.xDelayedTaskList1  tasks.o
    0x20012d70        -       0x00000014   Zero   RW          557    .bss.xDelayedTaskList2  tasks.o
    0x20012d84        -       0x00000004   Zero   RW          687    .bss.xFreeBytesRemaining  heap_4.o
    0x20012d88        -       0x00000004   Zero   RW          552    .bss.xIdleTaskHandle  tasks.o
    0x20012d8c        -       0x00000004   Zero   RW          689    .bss.xMinimumEverFreeBytesRemaining  heap_4.o
    0x20012d90        -       0x00000004   Zero   RW          553    .bss.xNextTaskUnblockTime  tasks.o
    0x20012d94        -       0x00000004   Zero   RW          555    .bss.xNumOfOverflows  tasks.o
    0x20012d98        -       0x00000004   Zero   RW          690    .bss.xNumberOfSuccessfulAllocations  heap_4.o
    0x20012d9c        -       0x00000004   Zero   RW          691    .bss.xNumberOfSuccessfulFrees  heap_4.o
    0x20012da0        -       0x00000004   Zero   RW          554    .bss.xPendedTicks   tasks.o
    0x20012da4        -       0x00000014   Zero   RW          550    .bss.xPendingReadyList  tasks.o
    0x20012db8        -       0x00000040   Zero   RW          352    .bss.xQueueRegistry  queue.o
    0x20012df8        -       0x00000004   Zero   RW          543    .bss.xSchedulerRunning  tasks.o
    0x20012dfc        -       0x00000008   Zero   RW          688    .bss.xStart         heap_4.o
    0x20012e04        -       0x00000014   Zero   RW          548    .bss.xSuspendedTaskList  tasks.o
    0x20012e18        -       0x00000014   Zero   RW          540    .bss.xTasksWaitingTermination  tasks.o
    0x20012e2c        -       0x00000004   Zero   RW          545    .bss.xTickCount     tasks.o
    0x20012e30        -       0x00000004   Zero   RW          617    .bss.xTimerQueue    timers.o
    0x20012e34        -       0x00000004   Zero   RW          619    .bss.xTimerTaskHandle  timers.o
    0x20012e38        -       0x00000004   Zero   RW          549    .bss.xYieldPending  tasks.o
    0x20012e3c   0x08003198   0x00000004   PAD
    0x20012e40        -       0x00000400   Zero   RW          224    HEAP                startup_gd32f407_427.o
    0x20013240        -       0x00000400   Zero   RW          223    STACK               startup_gd32f407_427.o


==============================================================================

Image component sizes


      Code (inc. data)   RO Data    RW Data    ZI Data      Debug   Object Name

       222          0          0         32          0       2873   bsp_led.o
       334          0          0          0          0       4989   gd32f4xx_gpio.o
        24          0          0          0          0        794   gd32f4xx_it.o
        40          0          0          0          0      15076   gd32f4xx_rcu.o
      1028          0          0          0      76828       4509   heap_4.o
       296          0          0          0          0       2123   list.o
       436          0         23          0         12       1837   main.o
       996         16          0          4          5       3771   port.o
      1528          0          0          0         64      15534   queue.o
        64         26        392          0       2048       1012   startup_gd32f407_427.o
       618          0          0          4          0       2518   system_gd32f4xx.o
        38          0          0          0          4       4410   systick.o
      4476          0          9          0        260      24250   tasks.o
      1242         10         13          0         60       8534   timers.o

    ----------------------------------------------------------------------
     11432         64        470         40      79288      92230   Object Totals
         0          0         32          0          0          0   (incl. Generated)
        90         12          1          0          7          0   (incl. Padding)

    ----------------------------------------------------------------------

      Code (inc. data)   RO Data    RW Data    ZI Data      Debug   Library Member Name

         8          0          0          0          0         68   __main.o
         0          0          0          0          0          0   __rtentry.o
        12          0          0          0          0          0   __rtentry2.o
         6          0          0          0          0          0   __rtentry4.o
        94          8          0          0          0          0   __scatter.o
        26          0          0          0          0          0   __scatter_copy.o
        28          0          0          0          0          0   __scatter_zi.o
        16          0          0          0          0         68   aeabi_memset4.o
        18          0          0          0          0         80   exit.o
         6          0          0          0          0        152   heapauxi.o
         0          0          0          0          0          0   indicate_semi.o
         2          0          0          0          0          0   libinit.o
         6          0          0          0          0          0   libinit2.o
         2          0          0          0          0          0   libshutdown.o
         2          0          0          0          0          0   libshutdown2.o
         8          4          0          0         96         68   libspace.o
        68          0          0          0          0         68   rt_memclr.o
        78          0          0          0          0         80   rt_memclr_w.o
       138          0          0          0          0         68   rt_memcpy_v6.o
       100          0          0          0          0         80   rt_memcpy_w.o
         2          0          0          0          0          0   rtexit.o
        10          0          0          0          0          0   rtexit2.o
        12          4          0          0          0         68   sys_exit.o
        74          0          0          0          0         80   sys_stackheap_outer.o
         2          0          0          0          0         68   use_no_semi.o
        26          0          0          0          0        116   fpinit.o

    ----------------------------------------------------------------------
       754         16          0          0         96       1064   Library Totals
        10          0          0          0          0          0   (incl. Padding)

    ----------------------------------------------------------------------

      Code (inc. data)   RO Data    RW Data    ZI Data      Debug   Library Name

       718         16          0          0         96        948   c_w.l
        26          0          0          0          0        116   fz_wm.l

    ----------------------------------------------------------------------
       754         16          0          0         96       1064   Library Totals

    ----------------------------------------------------------------------

==============================================================================


      Code (inc. data)   RO Data    RW Data    ZI Data      Debug   

     12186         80        470         40      79384      92706   Grand Totals
     12186         80        470         40      79384      92706   ELF Image Totals
     12186         80        470         40          0          0   ROM Totals

==============================================================================

    Total RO  Size (Code + RO Data)                12656 (  12.36kB)
    Total RW  Size (RW Data + ZI Data)             79424 (  77.56kB)
    Total ROM Size (Code + RO Data + RW Data)      12696 (  12.40kB)

==============================================================================

